Product: MDK-ARM Standard 5.10
Component: ARM Compiler 5.04 update 1 (build 49)
Tool: armlink [5040049]

==============================================================================

Section Cross References

    startup_stm32f10x_hd.o(RESET) refers to startup_stm32f10x_hd.o(STACK) for __initial_sp
    startup_stm32f10x_hd.o(RESET) refers to startup_stm32f10x_hd.o(.text) for Reset_Handler
    startup_stm32f10x_hd.o(RESET) refers to stm32f10x_it.o(.text) for NMI_Handler
    startup_stm32f10x_hd.o(RESET) refers to hal_cm3.o(.emb_text) for SVC_Handler
    startup_stm32f10x_hd.o(.text) refers to system_stm32f10x.o(.text) for SystemInit
    startup_stm32f10x_hd.o(.text) refers to entry.o(.ARM.Collect$$$$00000000) for __main
    system_stm32f10x.o(.text) refers to system_stm32f10x.o(.data) for SystemCoreClock
    stm32f10x_adc.o(.text) refers to stm32f10x_rcc.o(.text) for RCC_APB2PeriphResetCmd
    stm32f10x_bkp.o(.text) refers to stm32f10x_rcc.o(.text) for RCC_BackupResetCmd
    stm32f10x_can.o(.text) refers to stm32f10x_rcc.o(.text) for RCC_APB1PeriphResetCmd
    stm32f10x_cec.o(.text) refers to stm32f10x_rcc.o(.text) for RCC_APB1PeriphResetCmd
    stm32f10x_dac.o(.text) refers to stm32f10x_rcc.o(.text) for RCC_APB1PeriphResetCmd
    stm32f10x_gpio.o(.text) refers to stm32f10x_rcc.o(.text) for RCC_APB2PeriphResetCmd
    stm32f10x_i2c.o(.text) refers to stm32f10x_rcc.o(.text) for RCC_APB1PeriphResetCmd
    stm32f10x_pwr.o(.text) refers to stm32f10x_rcc.o(.text) for RCC_APB1PeriphResetCmd
    stm32f10x_rcc.o(.text) refers to stm32f10x_rcc.o(.data) for APBAHBPrescTable
    stm32f10x_spi.o(.text) refers to stm32f10x_rcc.o(.text) for RCC_APB2PeriphResetCmd
    stm32f10x_tim.o(.text) refers to stm32f10x_rcc.o(.text) for RCC_APB2PeriphResetCmd
    stm32f10x_usart.o(.text) refers to stm32f10x_rcc.o(.text) for RCC_APB2PeriphResetCmd
    stm32f10x_wwdg.o(.text) refers to stm32f10x_rcc.o(.text) for RCC_APB1PeriphResetCmd
    bsp_led.o(.text) refers to stm32f10x_rcc.o(.text) for RCC_APB2PeriphClockCmd
    bsp_led.o(.text) refers to stm32f10x_gpio.o(.text) for GPIO_PinRemapConfig
    bsp_led.o(.text) refers to memcpya.o(.text) for __aeabi_memcpy4
    bsp_led.o(.text) refers to bsp_led.o(.constdata) for .constdata
    bsp_led.o(.text) refers to stm32f10x_it.o(.bss) for eventdelay
    bsp_led.o(.text) refers to main.o(.bss) for systmtime
    bsp_led.o(.text) refers to bsp_sc5080.o(.text) for SetVoiceQueue
    bsp_led.o(.text) refers to bsp_led.o(.data) for AddDrugFlag
    bsp_sc5080.o(.text) refers to stm32f10x_rcc.o(.text) for RCC_APB2PeriphClockCmd
    bsp_sc5080.o(.text) refers to stm32f10x_gpio.o(.text) for GPIO_Init
    bsp_sc5080.o(.text) refers to bsp_timbase.o(.text) for myDelay_us
    bsp_sc5080.o(.text) refers to printfa.o(i.__0printf) for __2printf
    bsp_sc5080.o(.text) refers to bsp_sc5080.o(.bss) for VQ
    bsp_sc5080.o(.text) refers to bsp_isd1700.o(.data) for bCustomRecord
    bsp_sc5080.o(.text) refers to stm32f10x_it.o(.bss) for eventdelay
    bsp_sc5080.o(.text) refers to bsp_sc5080.o(.data) for QueueOrder
    bsp_adc.o(.text) refers to stm32f10x_rcc.o(.text) for RCC_AHBPeriphClockCmd
    bsp_adc.o(.text) refers to stm32f10x_gpio.o(.text) for GPIO_Init
    bsp_adc.o(.text) refers to stm32f10x_dma.o(.text) for DMA_DeInit
    bsp_adc.o(.text) refers to stm32f10x_adc.o(.text) for ADC_Init
    bsp_adc.o(.text) refers to bsp_adc.o(.data) for ADC_ConvertedValue
    bsp_i2c_ee.o(.text) refers to stm32f10x_rcc.o(.text) for RCC_APB2PeriphClockCmd
    bsp_i2c_ee.o(.text) refers to stm32f10x_gpio.o(.text) for GPIO_Init
    bsp_i2c_ee.o(.text) refers to stm32f10x_i2c.o(.text) for I2C_DeInit
    bsp_i2c_ee.o(.text) refers to bsp_i2c_ee.o(.data) for EEPROM_ADDRESS
    bsp_usart.o(.text) refers to misc.o(.text) for NVIC_PriorityGroupConfig
    bsp_usart.o(.text) refers to stm32f10x_rcc.o(.text) for RCC_APB2PeriphClockCmd
    bsp_usart.o(.text) refers to stm32f10x_gpio.o(.text) for GPIO_Init
    bsp_usart.o(.text) refers to stm32f10x_usart.o(.text) for USART_Init
    bsp_usart.o(.text) refers to stm32f10x_it.o(.bss) for UartStu
    bsp_timbase.o(.text) refers to misc.o(.text) for NVIC_PriorityGroupConfig
    bsp_timbase.o(.text) refers to stm32f10x_rcc.o(.text) for RCC_APB1PeriphClockCmd
    bsp_timbase.o(.text) refers to stm32f10x_tim.o(.text) for TIM_TimeBaseInit
    bsp_timbase.o(.text) refers to rt_cmsis.o(i.osKernelSysTick) for osKernelSysTick
    bsp_timbase.o(.text) refers to bsp_timbase.o(.data) for TimingDelay
    bsp_timbase.o(.text) refers to rtx_conf_cm.o(.constdata) for os_tickus_i
    cjson.o(.text) refers to tolower.o(.text) for tolower
    cjson.o(.text) refers to strlen.o(.text) for strlen
    cjson.o(.text) refers to memcpya.o(.text) for __aeabi_memcpy
    cjson.o(.text) refers to memseta.o(.text) for __aeabi_memclr4
    cjson.o(.text) refers to dflti.o(.text) for __aeabi_i2d
    cjson.o(.text) refers to dmul.o(.text) for __aeabi_dmul
    cjson.o(.text) refers to dadd.o(.text) for __aeabi_dadd
[...]
    RCC_PCLK1Config                          0x08001131   Thumb Code    18  stm32f10x_rcc.o(.text)
    RCC_PCLK2Config                          0x08001143   Thumb Code    20  stm32f10x_rcc.o(.text)
    RCC_ITConfig                             0x08001157   Thumb Code    26  stm32f10x_rcc.o(.text)
    RCC_USBCLKConfig                         0x08001171   Thumb Code     8  stm32f10x_rcc.o(.text)
    RCC_ADCCLKConfig                         0x08001179   Thumb Code    18  stm32f10x_rcc.o(.text)
    RCC_LSEConfig                            0x0800118b   Thumb Code    50  stm32f10x_rcc.o(.text)
    RCC_LSICmd                               0x080011bd   Thumb Code     6  stm32f10x_rcc.o(.text)
    RCC_RTCCLKConfig                         0x080011c3   Thumb Code    12  stm32f10x_rcc.o(.text)
    RCC_RTCCLKCmd                            0x080011cf   Thumb Code     8  stm32f10x_rcc.o(.text)
    RCC_GetClocksFreq                        0x080011d7   Thumb Code   192  stm32f10x_rcc.o(.text)
    RCC_AHBPeriphClockCmd                    0x08001297   Thumb Code    26  stm32f10x_rcc.o(.text)
    RCC_APB2PeriphClockCmd                   0x080012b1   Thumb Code    26  stm32f10x_rcc.o(.text)
    RCC_APB1PeriphClockCmd                   0x080012cb   Thumb Code    26  stm32f10x_rcc.o(.text)
    RCC_APB2PeriphResetCmd                   0x080012e5   Thumb Code    26  stm32f10x_rcc.o(.text)
    RCC_APB1PeriphResetCmd                   0x080012ff   Thumb Code    26  stm32f10x_rcc.o(.text)
    RCC_BackupResetCmd                       0x08001319   Thumb Code     8  stm32f10x_rcc.o(.text)
    RCC_ClockSecuritySystemCmd               0x08001321   Thumb Code     6  stm32f10x_rcc.o(.text)
    RCC_MCOConfig                            0x08001327   Thumb Code     6  stm32f10x_rcc.o(.text)
    RCC_ClearFlag                            0x0800132d   Thumb Code    14  stm32f10x_rcc.o(.text)
    RCC_GetITStatus                          0x0800133b   Thumb Code    20  stm32f10x_rcc.o(.text)
    RCC_ClearITPendingBit                    0x0800134f   Thumb Code     6  stm32f10x_rcc.o(.text)
    RTC_ITConfig                             0x08001379   Thumb Code    26  stm32f10x_rtc.o(.text)
    RTC_EnterConfigMode                      0x08001393   Thumb Code    18  stm32f10x_rtc.o(.text)
    RTC_ExitConfigMode                       0x080013a5   Thumb Code    20  stm32f10x_rtc.o(.text)
    RTC_GetCounter                           0x080013b9   Thumb Code    18  stm32f10x_rtc.o(.text)
    RTC_SetCounter                           0x080013cb   Thumb Code    26  stm32f10x_rtc.o(.text)
    RTC_SetPrescaler                         0x080013e5   Thumb Code    28  stm32f10x_rtc.o(.text)
    RTC_SetAlarm                             0x08001401   Thumb Code    26  stm32f10x_rtc.o(.text)
    RTC_GetDivider                           0x0800141b   Thumb Code    22  stm32f10x_rtc.o(.text)
    RTC_WaitForLastTask                      0x08001431   Thumb Code    18  stm32f10x_rtc.o(.text)
    RTC_WaitForSynchro                       0x08001443   Thumb Code    36  stm32f10x_rtc.o(.text)
    RTC_GetFlagStatus                        0x08001467   Thumb Code    22  stm32f10x_rtc.o(.text)
    RTC_ClearFlag                            0x0800147d   Thumb Code    16  stm32f10x_rtc.o(.text)
    RTC_GetITStatus                          0x0800148d   Thumb Code    32  stm32f10x_rtc.o(.text)
    RTC_ClearITPendingBit                    0x080014ad   Thumb Code    16  stm32f10x_rtc.o(.text)
    TIM_DeInit                               0x080014c1   Thumb Code   424  stm32f10x_tim.o(.text)
    TIM_TimeBaseInit                         0x08001669   Thumb Code   122  stm32f10x_tim.o(.text)
    TIM_OC1Init                              0x080016e3   Thumb Code   132  stm32f10x_tim.o(.text)
    TIM_OC2Init                              0x08001767   Thumb Code   154  stm32f10x_tim.o(.text)
    TIM_OC3Init                              0x08001801   Thumb Code   150  stm32f10x_tim.o(.text)
    TIM_OC4Init                              0x08001897   Thumb Code   182  stm32f10x_tim.o(.text)
    TIM_SetIC4Prescaler                      0x0800194d   Thumb Code    26  stm32f10x_tim.o(.text)
    TIM_SetIC3Prescaler                      0x080019e9   Thumb Code    18  stm32f10x_tim.o(.text)
    TIM_SetIC2Prescaler                      0x08001a75   Thumb Code    26  stm32f10x_tim.o(.text)
    TIM_SetIC1Prescaler                      0x08001b11   Thumb Code    18  stm32f10x_tim.o(.text)
    TIM_ICInit                               0x08001b8f   Thumb Code   150  stm32f10x_tim.o(.text)
    TIM_PWMIConfig                           0x08001c25   Thumb Code   124  stm32f10x_tim.o(.text)
    TIM_BDTRConfig                           0x08001ca1   Thumb Code    32  stm32f10x_tim.o(.text)
    TIM_TimeBaseStructInit                   0x08001cc1   Thumb Code    18  stm32f10x_tim.o(.text)
    TIM_OCStructInit                         0x08001cd3   Thumb Code    20  stm32f10x_tim.o(.text)
    TIM_ICStructInit                         0x08001ce7   Thumb Code    18  stm32f10x_tim.o(.text)
    TIM_BDTRStructInit                       0x08001cf9   Thumb Code    40  stm32f10x_tim.o(.text)
    TIM_Cmd                                  0x08001d21   Thumb Code    24  stm32f10x_tim.o(.text)
    TIM_CtrlPWMOutputs                       0x08001d39   Thumb Code    30  stm32f10x_tim.o(.text)
    TIM_ITConfig                             0x08001d57   Thumb Code    18  stm32f10x_tim.o(.text)
    TIM_GenerateEvent                        0x08001d69   Thumb Code     4  stm32f10x_tim.o(.text)
    TIM_DMAConfig                            0x08001d6d   Thumb Code    10  stm32f10x_tim.o(.text)
    TIM_DMACmd                               0x08001d77   Thumb Code    18  stm32f10x_tim.o(.text)
    TIM_InternalClockConfig                  0x08001d89   Thumb Code    12  stm32f10x_tim.o(.text)
    TIM_SelectInputTrigger                   0x08001d95   Thumb Code    18  stm32f10x_tim.o(.text)
    TIM_ITRxExternalClockConfig              0x08001da7   Thumb Code    24  stm32f10x_tim.o(.text)
    TIM_TIxExternalClockConfig               0x08001dbf   Thumb Code    62  stm32f10x_tim.o(.text)
    TIM_ETRConfig                            0x08001dfd   Thumb Code    28  stm32f10x_tim.o(.text)
    TIM_ETRClockMode1Config                  0x08001e19   Thumb Code    54  stm32f10x_tim.o(.text)
    TIM_ETRClockMode2Config                  0x08001e4f   Thumb Code    32  stm32f10x_tim.o(.text)
    TIM_PrescalerConfig                      0x08001e6f   Thumb Code     6  stm32f10x_tim.o(.text)
    TIM_CounterModeConfig                    0x08001e75   Thumb Code    18  stm32f10x_tim.o(.text)
    TIM_EncoderInterfaceConfig               0x08001e87   Thumb Code    66  stm32f10x_tim.o(.text)
    TIM_ForcedOC1Config                      0x08001ec9   Thumb Code    18  stm32f10x_tim.o(.text)
    TIM_ForcedOC2Config                      0x08001edb   Thumb Code    26  stm32f10x_tim.o(.text)
    TIM_ForcedOC3Config                      0x08001ef5   Thumb Code    18  stm32f10x_tim.o(.text)
    TIM_ForcedOC4Config                      0x08001f07   Thumb Code    26  stm32f10x_tim.o(.text)
    TIM_ARRPreloadConfig                     0x08001f21   Thumb Code    24  stm32f10x_tim.o(.text)
    TIM_SelectCOM                            0x08001f39   Thumb Code    24  stm32f10x_tim.o(.text)
    TIM_SelectCCDMA                          0x08001f51   Thumb Code    24  stm32f10x_tim.o(.text)
    TIM_CCPreloadControl                     0x08001f69   Thumb Code    24  stm32f10x_tim.o(.text)
    TIM_OC1PreloadConfig                     0x08001f81   Thumb Code    18  stm32f10x_tim.o(.text)
    TIM_OC2PreloadConfig                     0x08001f93   Thumb Code    26  stm32f10x_tim.o(.text)
    TIM_OC3PreloadConfig                     0x08001fad   Thumb Code    18  stm32f10x_tim.o(.text)
    TIM_OC4PreloadConfig                     0x08001fbf   Thumb Code    26  stm32f10x_tim.o(.text)
    TIM_OC1FastConfig                        0x08001fd9   Thumb Code    18  stm32f10x_tim.o(.text)
    TIM_OC2FastConfig                        0x08001feb   Thumb Code    26  stm32f10x_tim.o(.text)
    TIM_OC3FastConfig                        0x08002005   Thumb Code    18  stm32f10x_tim.o(.text)
    TIM_OC4FastConfig                        0x08002017   Thumb Code    26  stm32f10x_tim.o(.text)
    TIM_ClearOC1Ref                          0x08002031   Thumb Code    18  stm32f10x_tim.o(.text)
    TIM_ClearOC2Ref                          0x08002043   Thumb Code    24  stm32f10x_tim.o(.text)
    TIM_ClearOC3Ref                          0x0800205b   Thumb Code    18  stm32f10x_tim.o(.text)
    TIM_ClearOC4Ref                          0x0800206d   Thumb Code    24  stm32f10x_tim.o(.text)
    TIM_OC1PolarityConfig                    0x08002085   Thumb Code    18  stm32f10x_tim.o(.text)
    TIM_OC1NPolarityConfig                   0x08002097   Thumb Code    18  stm32f10x_tim.o(.text)
    TIM_OC2PolarityConfig                    0x080020a9   Thumb Code    26  stm32f10x_tim.o(.text)
    TIM_OC2NPolarityConfig                   0x080020c3   Thumb Code    26  stm32f10x_tim.o(.text)
    TIM_OC3PolarityConfig                    0x080020dd   Thumb Code    26  stm32f10x_tim.o(.text)
    TIM_OC3NPolarityConfig                   0x080020f7   Thumb Code    26  stm32f10x_tim.o(.text)
    TIM_OC4PolarityConfig                    0x08002111   Thumb Code    26  stm32f10x_tim.o(.text)
    TIM_CCxCmd                               0x0800212b   Thumb Code    30  stm32f10x_tim.o(.text)
    TIM_CCxNCmd                              0x08002149   Thumb Code    30  stm32f10x_tim.o(.text)
    TIM_SelectOCxM                           0x08002167   Thumb Code    82  stm32f10x_tim.o(.text)
    TIM_UpdateDisableConfig                  0x080021b9   Thumb Code    24  stm32f10x_tim.o(.text)
    TIM_UpdateRequestConfig                  0x080021d1   Thumb Code    24  stm32f10x_tim.o(.text)
    TIM_SelectHallSensor                     0x080021e9   Thumb Code    24  stm32f10x_tim.o(.text)
    TIM_SelectOnePulseMode                   0x08002201   Thumb Code    18  stm32f10x_tim.o(.text)
    TIM_SelectOutputTrigger                  0x08002213   Thumb Code    18  stm32f10x_tim.o(.text)
    TIM_SelectSlaveMode                      0x08002225   Thumb Code    18  stm32f10x_tim.o(.text)
    TIM_SelectMasterSlaveMode                0x08002237   Thumb Code    18  stm32f10x_tim.o(.text)
    TIM_SetCounter                           0x08002249   Thumb Code     4  stm32f10x_tim.o(.text)
    TIM_SetAutoreload                        0x0800224d   Thumb Code     4  stm32f10x_tim.o(.text)
    TIM_SetCompare1                          0x08002251   Thumb Code     4  stm32f10x_tim.o(.text)
    TIM_SetCompare2                          0x08002255   Thumb Code     4  stm32f10x_tim.o(.text)
    TIM_SetCompare3                          0x08002259   Thumb Code     4  stm32f10x_tim.o(.text)
    TIM_SetCompare4                          0x0800225d   Thumb Code     6  stm32f10x_tim.o(.text)
    TIM_SetClockDivision                     0x08002263   Thumb Code    18  stm32f10x_tim.o(.text)
    TIM_GetCapture1                          0x08002275   Thumb Code     6  stm32f10x_tim.o(.text)
    TIM_GetCapture2                          0x0800227b   Thumb Code     6  stm32f10x_tim.o(.text)
    TIM_GetCapture3                          0x08002281   Thumb Code     6  stm32f10x_tim.o(.text)
    TIM_GetCapture4                          0x08002287   Thumb Code     8  stm32f10x_tim.o(.text)
    TIM_GetCounter                           0x0800228f   Thumb Code     6  stm32f10x_tim.o(.text)
    TIM_GetPrescaler                         0x08002295   Thumb Code     6  stm32f10x_tim.o(.text)
    TIM_GetFlagStatus                        0x0800229b   Thumb Code    18  stm32f10x_tim.o(.text)
    TIM_ClearFlag                            0x080022ad   Thumb Code     6  stm32f10x_tim.o(.text)
    TIM_GetITStatus                          0x080022b3   Thumb Code    34  stm32f10x_tim.o(.text)
    TIM_ClearITPendingBit                    0x080022d5   Thumb Code     6  stm32f10x_tim.o(.text)
    USART_DeInit                             0x080022dd   Thumb Code   134  stm32f10x_usart.o(.text)
    USART_Init                               0x08002363   Thumb Code   210  stm32f10x_usart.o(.text)
    USART_StructInit                         0x08002435   Thumb Code    24  stm32f10x_usart.o(.text)
    USART_ClockInit                          0x0800244d   Thumb Code    34  stm32f10x_usart.o(.text)
    USART_ClockStructInit                    0x0800246f   Thumb Code    12  stm32f10x_usart.o(.text)
    USART_Cmd                                0x0800247b   Thumb Code    24  stm32f10x_usart.o(.text)
    USART_ITConfig                           0x08002493   Thumb Code    74  stm32f10x_usart.o(.text)
    USART_DMACmd                             0x080024dd   Thumb Code    18  stm32f10x_usart.o(.text)
    USART_SetAddress                         0x080024ef   Thumb Code    18  stm32f10x_usart.o(.text)
    USART_WakeUpConfig                       0x08002501   Thumb Code    18  stm32f10x_usart.o(.text)
    USART_ReceiverWakeUpCmd                  0x08002513   Thumb Code    24  stm32f10x_usart.o(.text)
    USART_LINBreakDetectLengthConfig         0x0800252b   Thumb Code    18  stm32f10x_usart.o(.text)
    USART_LINCmd                             0x0800253d   Thumb Code    24  stm32f10x_usart.o(.text)
    USART_SendData                           0x08002555   Thumb Code     8  stm32f10x_usart.o(.text)
    USART_ReceiveData                        0x0800255d   Thumb Code    10  stm32f10x_usart.o(.text)
    USART_SendBreak                          0x08002567   Thumb Code    10  stm32f10x_usart.o(.text)
    USART_SetGuardTime                       0x08002571   Thumb Code    16  stm32f10x_usart.o(.text)
    USART_SetPrescaler                       0x08002581   Thumb Code    16  stm32f10x_usart.o(.text)
    USART_SmartCardCmd                       0x08002591   Thumb Code    24  stm32f10x_usart.o(.text)
    USART_SmartCardNACKCmd                   0x080025a9   Thumb Code    24  stm32f10x_usart.o(.text)
    USART_HalfDuplexCmd                      0x080025c1   Thumb Code    24  stm32f10x_usart.o(.text)
    USART_OverSampling8Cmd                   0x080025d9   Thumb Code    22  stm32f10x_usart.o(.text)
    USART_OneBitMethodCmd                    0x080025ef   Thumb Code    24  stm32f10x_usart.o(.text)
    USART_IrDAConfig                         0x08002607   Thumb Code    18  stm32f10x_usart.o(.text)
    USART_IrDACmd                            0x08002619   Thumb Code    24  stm32f10x_usart.o(.text)
    USART_GetFlagStatus                      0x08002631   Thumb Code    26  stm32f10x_usart.o(.text)
    USART_ClearFlag                          0x0800264b   Thumb Code    18  stm32f10x_usart.o(.text)
    USART_GetITStatus                        0x0800265d   Thumb Code    84  stm32f10x_usart.o(.text)
    USART_ClearITPendingBit                  0x080026b1   Thumb Code    52  stm32f10x_usart.o(.text)
    LED_GPIO_Config                          0x080026e5   Thumb Code  1726  bsp_led.o(.text)
    Medicine_LED_Ctrl                        0x08002da3   Thumb Code    92  bsp_led.o(.text)
    Medicine_LED_CtrlByPosition              0x08002dff   Thumb Code    64  bsp_led.o(.text)
    Medicine_Status_Detec                    0x08002e3f   Thumb Code    60  bsp_led.o(.text)
    Detect_MedicineInfo                      0x08002e7b   Thumb Code    46  bsp_led.o(.text)
    Detect_TakeAndPutStatus                  0x08002ea9   Thumb Code    12  bsp_led.o(.text)
    MediceineBox_BigLedFlash                 0x08002eb5   Thumb Code    50  bsp_led.o(.text)
    MedicineBoxLedFlash                      0x08002ee7   Thumb Code   136  bsp_led.o(.text)
    BSP_SC5080_Init                          0x08002f79   Thumb Code    62  bsp_sc5080.o(.text)
    BSP_SC5080_Ctrl                          0x08002fb7   Thumb Code   126  bsp_sc5080.o(.text)
    VoiceReminder                            0x08003035   Thumb Code    58  bsp_sc5080.o(.text)
    VoiceLoop                                0x0800306f   Thumb Code    74  bsp_sc5080.o(.text)
    SetVoiceQueue                            0x080030b9   Thumb Code    32  bsp_sc5080.o(.text)
    VoiceLevelCtrl                           0x080030d9   Thumb Code    94  bsp_sc5080.o(.text)
    USART_Config                             0x080031df   Thumb Code   246  bsp_usart.o(.text)
    Usart_Read                               0x080032d5   Thumb Code   120  bsp_usart.o(.text)
    Usart_Send                               0x0800334d   Thumb Code   180  bsp_usart.o(.text)
    fputc                                    0x08003401   Thumb Code    32  bsp_usart.o(.text)
    fgetc                                    0x08003421   Thumb Code    26  bsp_usart.o(.text)
    TIM2_NVIC_Configuration                  0x08003455   Thumb Code    42  bsp_timbase.o(.text)
    TIM2_Configuration                       0x0800347f   Thumb Code    80  bsp_timbase.o(.text)
    TIM3_NVIC_Configuration                  0x080034cf   Thumb Code    42  bsp_timbase.o(.text)
    TIM3_Configuration                       0x080034f9   Thumb Code    78  bsp_timbase.o(.text)
    DelayTickInit                            0x080035bd   Thumb Code    12  bsp_timbase.o(.text)
    Delay_us                                 0x080035c9   Thumb Code    22  bsp_timbase.o(.text)
    TimingDelay_Decrement                    0x080035df   Thumb Code    18  bsp_timbase.o(.text)
    myDelay_us                               0x080035f1   Thumb Code    40  bsp_timbase.o(.text)
    cJSON_GetErrorPtr                        0x0800362d   Thumb Code     6  cjson.o(.text)
    cJSON_InitHooks                          0x080036a9   Thumb Code    48  cjson.o(.text)
    cJSON_Delete                             0x080036f3   Thumb Code    82  cjson.o(.text)
    cJSON_ParseWithOpts                      0x0800429d   Thumb Code    96  cjson.o(.text)
    cJSON_Parse                              0x080042fd   Thumb Code    16  cjson.o(.text)
    cJSON_Print                              0x08004a8d   Thumb Code    18  cjson.o(.text)
    cJSON_PrintUnformatted                   0x08004a9f   Thumb Code    18  cjson.o(.text)
    cJSON_PrintBuffered                      0x08004ab1   Thumb Code    54  cjson.o(.text)
    cJSON_GetArraySize                       0x08004ae7   Thumb Code    18  cjson.o(.text)
    cJSON_GetArrayItem                       0x08004af9   Thumb Code    18  cjson.o(.text)
    cJSON_GetObjectItem                      0x08004b0b   Thumb Code    30  cjson.o(.text)
    cJSON_AddItemToArray                     0x08004b5f   Thumb Code    42  cjson.o(.text)
    cJSON_AddItemToObject                    0x08004b89   Thumb Code    44  cjson.o(.text)
    cJSON_AddItemToObjectCS                  0x08004bb5   Thumb Code    54  cjson.o(.text)
    cJSON_AddItemReferenceToArray            0x08004beb   Thumb Code    24  cjson.o(.text)
    cJSON_AddItemReferenceToObject           0x08004c03   Thumb Code    32  cjson.o(.text)
    cJSON_DetachItemFromArray                0x08004c23   Thumb Code    66  cjson.o(.text)
    cJSON_DeleteItemFromArray                0x08004c65   Thumb Code    22  cjson.o(.text)
    cJSON_DetachItemFromObject               0x08004c7b   Thumb Code    50  cjson.o(.text)
    cJSON_DeleteItemFromObject               0x08004cad   Thumb Code    22  cjson.o(.text)
    cJSON_InsertItemInArray                  0x08004cc3   Thumb Code    64  cjson.o(.text)
    cJSON_ReplaceItemInArray                 0x08004d03   Thumb Code    76  cjson.o(.text)
    cJSON_ReplaceItemInObject                0x08004d4f   Thumb Code    62  cjson.o(.text)
    cJSON_CreateNull                         0x08004d8d   Thumb Code    18  cjson.o(.text)
    cJSON_CreateTrue                         0x08004d9f   Thumb Code    18  cjson.o(.text)
    cJSON_CreateFalse                        0x08004db1   Thumb Code    18  cjson.o(.text)
    cJSON_CreateBool                         0x08004dc3   Thumb Code    26  cjson.o(.text)
    cJSON_CreateNumber                       0x08004ddd   Thumb Code    36  cjson.o(.text)
    cJSON_CreateString                       0x08004e01   Thumb Code    28  cjson.o(.text)
    cJSON_CreateArray                        0x08004e1d   Thumb Code    18  cjson.o(.text)
    cJSON_CreateObject                       0x08004e2f   Thumb Code    18  cjson.o(.text)
    cJSON_CreateIntArray                     0x08004e41   Thumb Code    68  cjson.o(.text)
    cJSON_CreateFloatArray                   0x08004e85   Thumb Code    68  cjson.o(.text)
    cJSON_CreateDoubleArray                  0x08004ec9   Thumb Code    68  cjson.o(.text)
    cJSON_CreateStringArray                  0x08004f0d   Thumb Code    62  cjson.o(.text)
    cJSON_Duplicate                          0x08004f4b   Thumb Code   180  cjson.o(.text)
    cJSON_Minify                             0x08004fff   Thumb Code   186  cjson.o(.text)
    FactoryTestProgram                       0x080050b9   Thumb Code   148  deviceinit.o(.text)
    GetDeviceID                              0x0800514d   Thumb Code    64  deviceinit.o(.text)
    SetDeviceID                              0x0800518d   Thumb Code   202  deviceinit.o(.text)
    RotationQuerySimStatus                   0x080052fd   Thumb Code   394  deviceinit.o(.text)
    TestRECandERASE                          0x08005487   Thumb Code   398  deviceinit.o(.text)
    TestLEDandSWITCH                         0x08005615   Thumb Code    38  deviceinit.o(.text)
    Bsp_ISD1700Init                          0x08005685   Thumb Code     2  bsp_isd1700.o(.text)
    BEEP                                     0x08005687   Thumb Code     2  bsp_isd1700.o(.text)
    ISD_Play                                 0x08005689   Thumb Code     2  bsp_isd1700.o(.text)
    ISD_Rec                                  0x0800568b   Thumb Code     2  bsp_isd1700.o(.text)
    ISD_Erase                                0x0800568d   Thumb Code     2  bsp_isd1700.o(.text)
    Process_ISD_REC                          0x0800568f   Thumb Code     2  bsp_isd1700.o(.text)
    Process_ISD_ERASE                        0x08005691   Thumb Code     2  bsp_isd1700.o(.text)
    SaveCustomRecordFlag                     0x08005693   Thumb Code     2  bsp_isd1700.o(.text)
    Bsp_ESP8266_Init                         0x08005695   Thumb Code    72  bsp_esp8266.o(.text)
    Wifi_SignalFlash                         0x080056dd   Thumb Code     2  bsp_esp8266.o(.text)
    ResetEsp8266                             0x080056df   Thumb Code    38  bsp_esp8266.o(.text)
    SmartLinkStart                           0x08005705   Thumb Code    90  bsp_esp8266.o(.text)
    SmartLinkStop                            0x0800575f   Thumb Code    74  bsp_esp8266.o(.text)
    Esp8266APDisconnect                      0x080057a9   Thumb Code    46  bsp_esp8266.o(.text)
    reconfig_wifi                            0x080057d7   Thumb Code    52  bsp_esp8266.o(.text)
    wifi_status                              0x0800580b   Thumb Code    70  bsp_esp8266.o(.text)
    ParseOneFrameATCmd                       0x0800586d   Thumb Code   142  at_protocol.o(.text)
    ParseOneFrameCustomCmd                   0x080058fb   Thumb Code    98  at_protocol.o(.text)
    ParseServerResponses                     0x0800595d   Thumb Code   134  at_protocol.o(.text)
    GetHeadType                              0x080059e3   Thumb Code   202  at_protocol.o(.text)
    PrepareATCmd                             0x08005aad   Thumb Code   190  at_protocol.o(.text)
    TCP_Close                                0x08005b6b   Thumb Code    64  at_protocol.o(.text)
    WIFI_Status_Check                        0x08005bab   Thumb Code    46  at_protocol.o(.text)
    RequestAuthorize                         0x08005bd9   Thumb Code   952  at_protocol.o(.text)
    StartRequestAuthorize                    0x08005f91   Thumb Code    98  at_protocol.o(.text)
    GetServerAuthorizeCode                   0x08005ff3   Thumb Code   118  at_protocol.o(.text)
    GetTakeMedicinePlan                      0x08006069   Thumb Code   102  at_protocol.o(.text)
    GetTakeMedicinePlanCmd                   0x080060cf   Thumb Code   120  at_protocol.o(.text)
    StartAgreeBanding                        0x08006147   Thumb Code    98  at_protocol.o(.text)
    BindingConfirm                           0x080061a9   Thumb Code    98  at_protocol.o(.text)
    GetAgreeBandingCmd                       0x0800620b   Thumb Code   114  at_protocol.o(.text)
    StartGetVoice                            0x0800627d   Thumb Code   414  at_protocol.o(.text)
    GetVoiceValue                            0x0800641b   Thumb Code   108  at_protocol.o(.text)
    GetRegulateVoiceCmd                      0x08006487   Thumb Code   116  at_protocol.o(.text)
    ParseGetServerVoiceJson                  0x080064fb   Thumb Code    76  at_protocol.o(.text)
    StartGetUTCTime                          0x08006547   Thumb Code    98  at_protocol.o(.text)
    GetRtcValue                              0x080065a9   Thumb Code    26  at_protocol.o(.text)
    GetRegulateTimeCmd                       0x080065c3   Thumb Code   116  at_protocol.o(.text)
    ParseGetServerRtcTimeJson                0x08006637   Thumb Code   130  at_protocol.o(.text)
    RefreshAccessToken                       0x080066b9   Thumb Code    98  at_protocol.o(.text)
    SaveTokenCode                            0x0800671b   Thumb Code   718  at_protocol.o(.text)
    ParseGetServerAuthorizeJson              0x080069e9   Thumb Code   498  at_protocol.o(.text)
    SendTakeMedicineSituation                0x08006bdb   Thumb Code   152  at_protocol.o(.text)
    PrepareTakeMedicineStu                   0x08006c73   Thumb Code   474  at_protocol.o(.text)
    StartSendTakeMedicineSitu                0x08006e4d   Thumb Code    98  at_protocol.o(.text)
    SendTakeMedicineSituationCmd             0x08006eaf   Thumb Code   116  at_protocol.o(.text)
    StartGetTakeMedicinePlan                 0x08006f23   Thumb Code   100  at_protocol.o(.text)
    ParseTimeString                          0x08006f87   Thumb Code   134  at_protocol.o(.text)
    ParseTakeMedicinePlanScopeString         0x0800700d   Thumb Code    68  at_protocol.o(.text)
    ParseGetTakeMedicinePlanJson             0x08007051   Thumb Code   788  at_protocol.o(.text)
    ParseTakeMedicinePlanString              0x08007365   Thumb Code    36  at_protocol.o(.text)
    ReadTokenCode                            0x08007389   Thumb Code   234  at_protocol.o(.text)
    SaveTMPlan                               0x08007473   Thumb Code    98  at_protocol.o(.text)
    ReadTMPlan                               0x080074d5   Thumb Code    80  at_protocol.o(.text)
    SendBit_1621                             0x0800761b   Thumb Code    84  bsp_ht1624b.o(.text)
    SendDataBit_1621                         0x0800766f   Thumb Code    76  bsp_ht1624b.o(.text)
    SendCmd_1621                             0x080076bb   Thumb Code    50  bsp_ht1624b.o(.text)
    WriteData_1621                           0x080076ed   Thumb Code    64  bsp_ht1624b.o(.text)
    HT1621_all_on                            0x0800772d   Thumb Code    30  bsp_ht1624b.o(.text)
    HT1621_Test                              0x0800774b   Thumb Code    52  bsp_ht1624b.o(.text)
    LCD_DisplayHours                         0x0800777f   Thumb Code    80  bsp_ht1624b.o(.text)
    LCD_DisplayMinutes                       0x080077cf   Thumb Code    46  bsp_ht1624b.o(.text)
    BSP_HT1621B_Init                         0x080077fd   Thumb Code    64  bsp_ht1624b.o(.text)
    GregorianDay                             0x08007849   Thumb Code   146  bsp_date.o(.text)
    mktimev                                  0x080078db   Thumb Code   124  bsp_date.o(.text)
    to_tm                                    0x08007957   Thumb Code   194  bsp_date.o(.text)
    RTC_NVIC_Config                          0x08007a29   Thumb Code    40  bsp_rtc.o(.text)
    Time_Adjust                              0x08007a51   Thumb Code    58  bsp_rtc.o(.text)
    RTC_Configuration                        0x08007a8b   Thumb Code   100  bsp_rtc.o(.text)
    RTC_CheckAndConfig                       0x08007aef   Thumb Code   126  bsp_rtc.o(.text)
    Time_Regulate                            0x08007bdb   Thumb Code   238  bsp_rtc.o(.text)
    Time_RegulateByInternet                  0x08007cc9   Thumb Code    20  bsp_rtc.o(.text)
    Time_Display                             0x08007cdd   Thumb Code    50  bsp_rtc.o(.text)
    Time_Show                                0x08007d0f   Thumb Code    32  bsp_rtc.o(.text)
    AT24CXX_Init                             0x08008025   Thumb Code     8  24cxx.o(.text)
    AT24CXX_ReadOneByte                      0x0800802d   Thumb Code    84  24cxx.o(.text)
    AT24CXX_WriteOneByte                     0x08008081   Thumb Code    78  24cxx.o(.text)
    AT24CXX_WriteLenByte                     0x080080cf   Thumb Code    42  24cxx.o(.text)
    AT24CXX_ReadLenByte                      0x080080f9   Thumb Code    44  24cxx.o(.text)
    AT24CXX_Check                            0x08008125   Thumb Code    46  24cxx.o(.text)
    AT24CXX_Read                             0x08008153   Thumb Code    34  24cxx.o(.text)
    AT24CXX_Write                            0x08008175   Thumb Code    36  24cxx.o(.text)
    IIC_Init                                 0x08008199   Thumb Code    46  myiic.o(.text)
    IIC_Start                                0x080081c7   Thumb Code    70  myiic.o(.text)
    IIC_Stop                                 0x0800820d   Thumb Code    70  myiic.o(.text)
    IIC_Wait_Ack                             0x08008253   Thumb Code    96  myiic.o(.text)
    IIC_Ack                                  0x080082b3   Thumb Code    70  myiic.o(.text)
    IIC_NAck                                 0x080082f9   Thumb Code    70  myiic.o(.text)
    IIC_Send_Byte                            0x0800833f   Thumb Code   108  myiic.o(.text)
    IIC_Read_Byte                            0x080083ab   Thumb Code   102  myiic.o(.text)
    NMI_Handler                              0x08008415   Thumb Code     2  stm32f10x_it.o(.text)
    HardFault_Handler                        0x08008417   Thumb Code     4  stm32f10x_it.o(.text)
    MemManage_Handler                        0x0800841b   Thumb Code     4  stm32f10x_it.o(.text)
    BusFault_Handler                         0x0800841f   Thumb Code     4  stm32f10x_it.o(.text)
    UsageFault_Handler                       0x08008423   Thumb Code     4  stm32f10x_it.o(.text)
    DebugMon_Handler                         0x08008427   Thumb Code     2  stm32f10x_it.o(.text)
    RTC_IRQHandler                           0x08008429   Thumb Code    28  stm32f10x_it.o(.text)
    USART1_IRQHandler                        0x08008445   Thumb Code   110  stm32f10x_it.o(.text)
    USART2_IRQHandler                        0x080084b3   Thumb Code   120  stm32f10x_it.o(.text)
    find_id                                  0x0800853d   Thumb Code    60  medicineboxoperation.o(.text)
    CurrentMedicineBoxDetection              0x08008579   Thumb Code   306  medicineboxoperation.o(.text)
    DetectionBoxStatus                       0x080086ab   Thumb Code    54  medicineboxoperation.o(.text)
    CurrentMedicineBoxCtrl                   0x080086e1   Thumb Code   550  medicineboxoperation.o(.text)
    DecideTakeMedicineRemind                 0x08008907   Thumb Code   830  medicineboxoperation.o(.text)
    AuthorizeLogin                           0x08008c45   Thumb Code   102  medicineboxoperation.o(.text)
    BatteryStatusFlash                       0x08008cab   Thumb Code    46  medicineboxoperation.o(.text)
    ClearAllLedWarn                          0x08008cd9   Thumb Code    62  medicineboxoperation.o(.text)
    PollsSendHttpsRequest                    0x08008d17   Thumb Code   328  medicineboxoperation.o(.text)
    wifi_test                                0x08008f01   Thumb Code   154  task.o(.text)
    at24c256_test                            0x08008f9b   Thumb Code   112  task.o(.text)
    sc5080_test                              0x0800900b   Thumb Code    76  task.o(.text)
    ProgramFlashTask                         0x080098bb   Thumb Code    56  task.o(.text)
    ESP8266ResetCtrlTask                     0x080098f3   Thumb Code    90  task.o(.text)
    LcdDisplayTimeAndVoiceCtrlTask           0x0800994d   Thumb Code    24  task.o(.text)
    RemindTask                               0x08009965   Thumb Code   128  task.o(.text)
    EventTimerCallback                       0x080099e5   Thumb Code    46  task.o(.text)
    Device_InitTask                          0x08009a13   Thumb Code   108  task.o(.text)
    main                                     0x08009b39   Thumb Code    26  main.o(.text)
    os_idle_demon                            0x08009b59   Thumb Code     4  rtx_conf_cm.o(.text)
    os_error                                 0x08009b5d   Thumb Code    26  rtx_conf_cm.o(.text)
    Int2Str                                  0x08009b79   Thumb Code    84  common.o(.text)
    Str2Int                                  0x08009bcd   Thumb Code   260  common.o(.text)
    SerialPutChar                            0x08009cd1   Thumb Code    28  common.o(.text)
    Serial_PutString                         0x08009ced   Thumb Code    22  common.o(.text)
    SerialKeyPressed                         0x08009d03   Thumb Code    30  common.o(.text)
    GetKey                                   0x08009d21   Thumb Code    28  common.o(.text)
    GetInputString                           0x08009d3d   Thumb Code    90  common.o(.text)
    GetIntegerInput                          0x08009d97   Thumb Code    80  common.o(.text)
    FLASH_PagesMask                          0x08009de7   Thumb Code    24  common.o(.text)
    FLASH_DisableWriteProtectionPages        0x08009dff   Thumb Code   166  common.o(.text)
    Main_Menu                                0x08009f1f   Thumb Code   518  common.o(.text)
    SerialDownload                           0x0800a255   Thumb Code   120  download.o(.text)
    Ymodem_Receive                           0x0800a4d1   Thumb Code   574  ymodem.o(.text)
    Ymodem_CheckResponse                     0x0800a70f   Thumb Code     6  ymodem.o(.text)
    Ymodem_PrepareIntialPacket               0x0800a715   Thumb Code   114  ymodem.o(.text)
    Ymodem_PreparePacket                     0x0800a787   Thumb Code   140  ymodem.o(.text)
    UpdateCRC16                              0x0800a813   Thumb Code    50  ymodem.o(.text)
    Cal_CRC16                                0x0800a845   Thumb Code    52  ymodem.o(.text)
    CalChecksum                              0x0800a879   Thumb Code    24  ymodem.o(.text)
    Ymodem_SendPacket                        0x0800a891   Thumb Code    26  ymodem.o(.text)
    Ymodem_Transmit                          0x0800a8ab   Thumb Code   646  ymodem.o(.text)
    tolower                                  0x0800ab35   Thumb Code    12  tolower.o(.text)
    __aeabi_memcpy                           0x0800ab41   Thumb Code    36  memcpya.o(.text)
    __aeabi_memcpy4                          0x0800ab41   Thumb Code     0  memcpya.o(.text)
    __aeabi_memcpy8                          0x0800ab41   Thumb Code     0  memcpya.o(.text)
    __aeabi_memset                           0x0800ab65   Thumb Code    14  memseta.o(.text)
    __aeabi_memset4                          0x0800ab65   Thumb Code     0  memseta.o(.text)
    __aeabi_memset8                          0x0800ab65   Thumb Code     0  memseta.o(.text)
    __aeabi_memclr                           0x0800ab73   Thumb Code     4  memseta.o(.text)
    __aeabi_memclr4                          0x0800ab73   Thumb Code     0  memseta.o(.text)
    __aeabi_memclr8                          0x0800ab73   Thumb Code     0  memseta.o(.text)
    _memset$wrapper                          0x0800ab77   Thumb Code    18  memseta.o(.text)
    strstr                                   0x0800ab89   Thumb Code    36  strstr.o(.text)
    strchr                                   0x0800abad   Thumb Code    20  strchr.o(.text)
    strlen                                   0x0800abc1   Thumb Code    14  strlen.o(.text)
    strcpy                                   0x0800abcf   Thumb Code    18  strcpy.o(.text)
    strncmp                                  0x0800abe1   Thumb Code    30  strncmp.o(.text)
    atoi                                     0x0800abff   Thumb Code    26  atoi.o(.text)
    __aeabi_dadd                             0x0800ac19   Thumb Code   322  dadd.o(.text)
    __aeabi_dsub                             0x0800ad5b   Thumb Code     6  dadd.o(.text)
    __aeabi_drsub                            0x0800ad61   Thumb Code     6  dadd.o(.text)
    __aeabi_dmul                             0x0800ad67   Thumb Code   228  dmul.o(.text)
    __aeabi_i2d                              0x0800ae4b   Thumb Code    34  dflti.o(.text)
    __aeabi_d2iz                             0x0800ae6d   Thumb Code    62  dfixi.o(.text)
    __aeabi_f2d                              0x0800aeab   Thumb Code    38  f2d.o(.text)
    __aeabi_cdcmpeq                          0x0800aed1   Thumb Code     0  cdcmple.o(.text)
    __aeabi_cdcmple                          0x0800aed1   Thumb Code    38  cdcmple.o(.text)
    __aeabi_cdrcmple                         0x0800aef9   Thumb Code    38  cdrcmple.o(.text)
    __aeabi_uidiv                            0x0800af21   Thumb Code     0  uidiv.o(.text)
    __aeabi_uidivmod                         0x0800af21   Thumb Code    44  uidiv.o(.text)
    __aeabi_uldivmod                         0x0800af4d   Thumb Code    98  uldiv.o(.text)
    __aeabi_llsl                             0x0800afaf   Thumb Code    30  llshl.o(.text)
    _ll_shift_l                              0x0800afaf   Thumb Code     0  llshl.o(.text)
    __aeabi_llsr                             0x0800afcd   Thumb Code    32  llushr.o(.text)
    _ll_ushift_r                             0x0800afcd   Thumb Code     0  llushr.o(.text)
    __aeabi_lasr                             0x0800afed   Thumb Code    36  llsshr.o(.text)
    _ll_sshift_r                             0x0800afed   Thumb Code     0  llsshr.o(.text)
    strtol                                   0x0800b011   Thumb Code   112  strtol.o(.text)
    __I$use$fp                               0x0800b081   Thumb Code     0  iusefp.o(.text)
    _double_round                            0x0800b081   Thumb Code    26  depilogue.o(.text)
    _double_epilogue                         0x0800b09b   Thumb Code   156  depilogue.o(.text)
    __aeabi_ddiv                             0x0800b137   Thumb Code   222  ddiv.o(.text)
    __ARM_scalbn                             0x0800b215   Thumb Code    46  dscalb.o(.text)
    scalbn                                   0x0800b215   Thumb Code     0  dscalb.o(.text)
    __aeabi_d2ulz                            0x0800b243   Thumb Code    48  dfixul.o(.text)
    __scatterload                            0x0800b275   Thumb Code    28  init.o(.text)
    __scatterload_rt2                        0x0800b275   Thumb Code     0  init.o(.text)
    __rt_ctype_table                         0x0800b299   Thumb Code     4  ctype_o.o(.text)
    _strtoul                                 0x0800b2a1   Thumb Code   158  _strtoul.o(.text)
    _dsqrt                                   0x0800b33f   Thumb Code   162  dsqrt.o(.text)
    _chval                                   0x0800b3e1   Thumb Code    28  _chval.o(.text)
    __decompress                             0x0800b3fd   Thumb Code     0  __dczerorl2.o(.text)
    __decompress1                            0x0800b3fd   Thumb Code    86  __dczerorl2.o(.text)
    SVC_Count                                0x0800b454   Data           4  svc_table.o(SVC_TABLE)
    SVC_Table                                0x0800b458   Data           0  svc_table.o(SVC_TABLE)
    __0printf                                0x0800b459   Thumb Code    22  printfa.o(i.__0printf)
    __1printf                                0x0800b459   Thumb Code     0  printfa.o(i.__0printf)
    __2printf                                0x0800b459   Thumb Code     0  printfa.o(i.__0printf)
    __c89printf                              0x0800b459   Thumb Code     0  printfa.o(i.__0printf)
    printf                                   0x0800b459   Thumb Code     0  printfa.o(i.__0printf)
    __0sprintf                               0x0800b479   Thumb Code    34  printfa.o(i.__0sprintf)
    __1sprintf                               0x0800b479   Thumb Code     0  printfa.o(i.__0sprintf)
    __2sprintf                               0x0800b479   Thumb Code     0  printfa.o(i.__0sprintf)
    __c89sprintf                             0x0800b479   Thumb Code     0  printfa.o(i.__0sprintf)
    sprintf                                  0x0800b479   Thumb Code     0  printfa.o(i.__0sprintf)
    __ARM_fpclassify                         0x0800b4a1   Thumb Code    40  fpclassify.o(i.__ARM_fpclassify)
    __aeabi_errno_addr                       0x0800b4c9   Thumb Code     4  errno.o(i.__aeabi_errno_addr)
    __rt_errno_addr                          0x0800b4c9   Thumb Code     0  errno.o(i.__aeabi_errno_addr)
    __kernel_poly                            0x0800b4d1   Thumb Code   170  poly.o(i.__kernel_poly)
    __mathlib_dbl_underflow                  0x0800b57d   Thumb Code    10  dunder.o(i.__mathlib_dbl_underflow)
    __scatterload_copy                       0x0800b58d   Thumb Code    14  handlers.o(i.__scatterload_copy)
    __scatterload_null                       0x0800b59b   Thumb Code     2  handlers.o(i.__scatterload_null)
    __scatterload_zeroinit                   0x0800b59d   Thumb Code    14  handlers.o(i.__scatterload_zeroinit)
    __set_errno                              0x0800b5ad   Thumb Code     6  errno.o(i.__set_errno)
    _init_box                                0x0800b71d   Thumb Code    70  rt_membox.o(i._init_box)
    dbg_init                                 0x0800be9d   Thumb Code    34  hal_cm.o(i.dbg_init)
    dbg_task_notify                          0x0800becd   Thumb Code    32  hal_cm.o(i.dbg_task_notify)
    dbg_task_switch                          0x0800beed   Thumb Code    16  hal_cm.o(i.dbg_task_switch)
    floor                                    0x0800befd   Thumb Code   204  floor.o(i.floor)
    free                                     0x0800bfd9   Thumb Code    76  malloc.o(i.free)
    isr_mbx_receive                          0x0800c055   Thumb Code    80  rt_mailbox.o(i.isr_mbx_receive)
    isr_mbx_send                             0x0800c0a5   Thumb Code    14  rt_mailbox.o(i.isr_mbx_send)
    malloc                                   0x0800c0b5   Thumb Code    92  malloc.o(i.malloc)
    osDelay                                  0x0800c121   Thumb Code    18  rt_cmsis.o(i.osDelay)
    osKernelInitialize                       0x0800c139   Thumb Code    30  rt_cmsis.o(i.osKernelInitialize)
    osKernelStart                            0x0800c15d   Thumb Code    98  rt_cmsis.o(i.osKernelStart)
    osKernelSysTick                          0x0800c1c9   Thumb Code    18  rt_cmsis.o(i.osKernelSysTick)
    osMessageGet                             0x0800c1e1   Thumb Code    62  rt_cmsis.o(i.osMessageGet)
    osThreadCreate                           0x0800c225   Thumb Code    38  rt_cmsis.o(i.osThreadCreate)
    osThreadExit                             0x0800c255   Thumb Code    14  rt_cmsis.o(i.osThreadExit)
    osThreadTerminate                        0x0800c26d   Thumb Code    18  rt_cmsis.o(i.osThreadTerminate)
    osTimerCall                              0x0800c285   Thumb Code     8  rt_cmsis.o(i.osTimerCall)
    osTimerCreate                            0x0800c291   Thumb Code    44  rt_cmsis.o(i.osTimerCreate)
    osTimerStart                             0x0800c2c5   Thumb Code    18  rt_cmsis.o(i.osTimerStart)
    osTimerThread                            0x0800c2dd   Thumb Code    38  rt_cmsis.o(i.osTimerThread)
    os_tick_init                             0x0800c309   Thumb Code    32  rt_system.o(i.os_tick_init)
    os_tick_irqack                           0x0800c331   Thumb Code     2  rt_system.o(i.os_tick_irqack)
    os_tick_ovf                              0x0800c335   Thumb Code    10  rt_system.o(i.os_tick_ovf)
    os_tick_val                              0x0800c345   Thumb Code    14  rt_system.o(i.os_tick_val)
    pow                                      0x0800c359   Thumb Code  2510  pow.o(i.pow)
    rt_alloc_box                             0x0800cd39   Thumb Code    26  rt_membox.o(i.rt_alloc_box)
    rt_alloc_mem                             0x0800cd53   Thumb Code    60  rt_memory.o(i.rt_alloc_mem)
    rt_block                                 0x0800cd91   Thumb Code    48  rt_task.o(i.rt_block)
    rt_chk_robin                             0x0800cdc9   Thumb Code    60  rt_robin.o(i.rt_chk_robin)
    rt_dec_dly                               0x0800ce11   Thumb Code   102  rt_list.o(i.rt_dec_dly)
    rt_dispatch                              0x0800ce81   Thumb Code    60  rt_task.o(i.rt_dispatch)
    rt_dly_wait                              0x0800cec5   Thumb Code     6  rt_time.o(i.rt_dly_wait)
    rt_evt_psh                               0x0800cecd   Thumb Code    76  rt_event.o(i.rt_evt_psh)
    rt_free_box                              0x0800cf1d   Thumb Code    32  rt_membox.o(i.rt_free_box)
    rt_free_mem                              0x0800cf3d   Thumb Code    40  rt_memory.o(i.rt_free_mem)
    rt_get_first                             0x0800cf65   Thumb Code    40  rt_list.o(i.rt_get_first)
    rt_init_mem                              0x0800cfdd   Thumb Code    26  rt_memory.o(i.rt_init_mem)
    rt_init_robin                            0x0800cff9   Thumb Code    14  rt_robin.o(i.rt_init_robin)
    rt_init_stack                            0x0800d011   Thumb Code    70  hal_cm.o(i.rt_init_stack)
    rt_mbx_check                             0x0800d061   Thumb Code     8  rt_mailbox.o(i.rt_mbx_check)
    rt_mbx_init                              0x0800d069   Thumb Code    28  rt_mailbox.o(i.rt_mbx_init)
    rt_mbx_psh                               0x0800d085   Thumb Code   234  rt_mailbox.o(i.rt_mbx_psh)
    rt_mbx_wait                              0x0800d175   Thumb Code   172  rt_mailbox.o(i.rt_mbx_wait)
    rt_pop_req                               0x0800d261   Thumb Code   110  rt_system.o(i.rt_pop_req)
    rt_psh_req                               0x0800d2dd   Thumb Code    22  rt_system.o(i.rt_psh_req)
    rt_psq_enq                               0x0800d2fd   Thumb Code    82  rt_list.o(i.rt_psq_enq)
    rt_put_dly                               0x0800d355   Thumb Code    68  rt_list.o(i.rt_put_dly)
    rt_put_prio                              0x0800d39d   Thumb Code    54  rt_list.o(i.rt_put_prio)
    rt_put_rdy_first                         0x0800d3d5   Thumb Code    14  rt_list.o(i.rt_put_rdy_first)
    rt_resort_prio                           0x0800d3e9   Thumb Code    46  rt_list.o(i.rt_resort_prio)
    rt_ret_val                               0x0800d41d   Thumb Code     6  hal_cm.o(i.rt_ret_val)
    rt_ret_val2                              0x0800d423   Thumb Code     8  hal_cm.o(i.rt_ret_val2)
    rt_rmv_dly                               0x0800d42b   Thumb Code    40  rt_list.o(i.rt_rmv_dly)
    rt_rmv_list                              0x0800d455   Thumb Code    44  rt_list.o(i.rt_rmv_list)
    rt_sem_psh                               0x0800d485   Thumb Code    48  rt_semaphore.o(i.rt_sem_psh)
    rt_stk_check                             0x0800d4b9   Thumb Code    28  rt_system.o(i.rt_stk_check)
    rt_switch_req                            0x0800d4dd   Thumb Code    30  rt_task.o(i.rt_switch_req)
    rt_sys_init                              0x0800d505   Thumb Code   200  rt_task.o(i.rt_sys_init)
    rt_sys_start                             0x0800d611   Thumb Code    44  rt_task.o(i.rt_sys_start)
    rt_systick                               0x0800d645   Thumb Code    50  rt_system.o(i.rt_systick)
    rt_tsk_create                            0x0800d70d   Thumb Code   116  rt_task.o(i.rt_tsk_create)
    rt_tsk_delete                            0x0800d791   Thumb Code   342  rt_task.o(i.rt_tsk_delete)
    rt_tsk_prio                              0x0800d905   Thumb Code   108  rt_task.o(i.rt_tsk_prio)
    rt_tsk_self                              0x0800d981   Thumb Code    12  rt_task.o(i.rt_tsk_self)
    sqrt                                     0x0800d991   Thumb Code    76  sqrt.o(i.sqrt)
    svcDelay                                 0x0800d9dd   Thumb Code    20  rt_cmsis.o(i.svcDelay)
    svcKernelInitialize                      0x0800d9f1   Thumb Code    80  rt_cmsis.o(i.svcKernelInitialize)
    svcKernelStart                           0x0800da61   Thumb Code    62  rt_cmsis.o(i.svcKernelStart)
    svcKernelSysTick                         0x0800daa9   Thumb Code    46  rt_cmsis.o(i.svcKernelSysTick)
    svcMessageCreate                         0x0800dae1   Thumb Code    36  rt_cmsis.o(i.svcMessageCreate)
    svcMessageGet                            0x0800db05   Thumb Code    58  rt_cmsis.o(i.svcMessageGet)
    svcThreadCreate                          0x0800db41   Thumb Code   100  rt_cmsis.o(i.svcThreadCreate)
    svcThreadGetId                           0x0800dbb1   Thumb Code    22  rt_cmsis.o(i.svcThreadGetId)
    svcThreadTerminate                       0x0800dbcd   Thumb Code    50  rt_cmsis.o(i.svcThreadTerminate)
    svcTimerCall                             0x0800dc05   Thumb Code    24  rt_cmsis.o(i.svcTimerCall)
    svcTimerCreate                           0x0800dc1d   Thumb Code    52  rt_cmsis.o(i.svcTimerCreate)
    svcTimerStart                            0x0800dc55   Thumb Code    72  rt_cmsis.o(i.svcTimerStart)
    sysTimerTick                             0x0800dc9d   Thumb Code    76  rt_cmsis.o(i.sysTimerTick)
    num4_8                                   0x0800e077   Data          11  bsp_ht1624b.o(.constdata)
    os_thread_def_RemindTask                 0x0800e0bc   Data          16  task.o(.constdata)
    os_thread_def_LcdDisplayTimeAndVoiceCtrlTask 0x0800e0cc   Data          16  task.o(.constdata)
    os_thread_def_ESP8266ResetCtrlTask       0x0800e0dc   Data          16  task.o(.constdata)
    os_thread_def_ProgramFlashTask           0x0800e0ec   Data          16  task.o(.constdata)
    os_timer_def_EventTimer                  0x0800e0fc   Data           8  task.o(.constdata)
    os_thread_def_Device_InitTask            0x0800e104   Data          16  main.o(.constdata)
    os_maxtaskrun                            0x0800e114   Data           2  rtx_conf_cm.o(.constdata)
    os_stackinfo                             0x0800e118   Data           4  rtx_conf_cm.o(.constdata)
    os_rrobin                                0x0800e11c   Data           4  rtx_conf_cm.o(.constdata)
    os_tickfreq                              0x0800e120   Data           4  rtx_conf_cm.o(.constdata)
    os_tickus_i                              0x0800e124   Data           2  rtx_conf_cm.o(.constdata)
    os_tickus_f                              0x0800e126   Data           2  rtx_conf_cm.o(.constdata)
    os_trv                                   0x0800e128   Data           4  rtx_conf_cm.o(.constdata)
    os_flags                                 0x0800e12c   Data           1  rtx_conf_cm.o(.constdata)
    CMSIS_RTOS_API_Version                   0x0800e130   Data           4  rtx_conf_cm.o(.constdata)
    CMSIS_RTOS_RTX_Version                   0x0800e134   Data           4  rtx_conf_cm.o(.constdata)
    os_clockrate                             0x0800e138   Data           4  rtx_conf_cm.o(.constdata)
    os_timernum                              0x0800e13c   Data           4  rtx_conf_cm.o(.constdata)
    mp_tcb_size                              0x0800e140   Data           2  rtx_conf_cm.o(.constdata)
    mp_stk_size                              0x0800e144   Data           4  rtx_conf_cm.o(.constdata)
    os_stack_sz                              0x0800e148   Data           4  rtx_conf_cm.o(.constdata)
    os_fifo_size                             0x0800e14c   Data           1  rtx_conf_cm.o(.constdata)
    os_thread_def_osTimerThread              0x0800e150   Data          16  rtx_conf_cm.o(.constdata)
    os_messageQ_def_osTimerMessageQ          0x0800e160   Data           8  rtx_conf_cm.o(.constdata)
    mp_tmr_size                              0x0800e168   Data           2  rtx_conf_cm.o(.constdata)
    __mathlib_zero                           0x0800e1f8   Data           8  qnan.o(.constdata)
    __ctype_table                            0x0800e200   Data         129  ctype_o.o(.constdata)
    Region$$Table$$Base                      0x0800e704   Number         0  anon$$obj.o(Region$$Table)
    Region$$Table$$Limit                     0x0800e724   Number         0  anon$$obj.o(Region$$Table)
    SystemCoreClock                          0x20000000   Data           4  system_stm32f10x.o(.data)
    AHBPrescTable                            0x20000004   Data          16  system_stm32f10x.o(.data)
    AddDrugFlag                              0x20000028   Data           1  bsp_led.o(.data)
    QueueOrder                               0x2000002c   Data           4  bsp_sc5080.o(.data)
    VoiceFlag                                0x20000030   Data           1  bsp_sc5080.o(.data)
    headin                                   0x20000044   Data           1  deviceinit.o(.data)
    bCustomRecord                            0x20000045   Data           1  bsp_isd1700.o(.data)
    WIFI_Ready                               0x20000048   Data           1  at_protocol.o(.data)
    HttpDataLength                           0x2000004c   Data           4  at_protocol.o(.data)
    TimeDisplay                              0x20000088   Data           4  bsp_rtc.o(.data)
    WEEK_STR                                 0x2000008c   Data          28  bsp_rtc.o(.data)
    zodiac_sign                              0x200000a8   Data          48  bsp_rtc.o(.data)
    VoiceTime                                0x200000d8   Data           4  bsp_rtc.o(.data)
    bWarn                                    0x200000dc   Data           1  medicineboxoperation.o(.data)
    bTaken                                   0x200000dd   Data           1  medicineboxoperation.o(.data)
    WarnCnt                                  0x200000de   Data           1  medicineboxoperation.o(.data)
    bUpdateRecord                            0x200000df   Data           1  medicineboxoperation.o(.data)
    MedicineBoxStatus                        0x200000e0   Data           4  medicineboxoperation.o(.data)
    SysStart                                 0x200000e4   Data           1  medicineboxoperation.o(.data)
    warn_time                                0x200000e6   Data           2  medicineboxoperation.o(.data)
    prev_flag                                0x200000e9   Data           1  medicineboxoperation.o(.data)
    CurrentTime                              0x200000ea   Data           2  medicineboxoperation.o(.data)
    prevTime                                 0x200000ec   Data           2  medicineboxoperation.o(.data)
    validdateTime                            0x200000ee   Data           2  medicineboxoperation.o(.data)
    RefreshPlan                              0x200000f0   Data           1  task.o(.data)
    PefreshVoice                             0x200000f1   Data           1  task.o(.data)
    RemindTaskId                             0x200000f8   Data           4  task.o(.data)
    LcdDisplayTimeAndVoiceCtrlTaskId         0x200000fc   Data           4  task.o(.data)
    ESP8266ResetCtrlTaskId                   0x20000100   Data           4  task.o(.data)
    wifi_keep_connect                        0x20000104   Data           1  task.o(.data)
    EventTimerId                             0x20000108   Data           4  task.o(.data)
    osThreadId_osTimerThread                 0x20000110   Data           4  rtx_conf_cm.o(.data)
    osMessageQId_osTimerMessageQ             0x20000114   Data           4  rtx_conf_cm.o(.data)
    os_tmr                                   0x20000118   Data           4  rtx_conf_cm.o(.data)
    m_tmr                                    0x2000011c   Data           4  rtx_conf_cm.o(.data)
    os_thread_def_main                       0x20000120   Data          16  rtx_conf_cm.o(.data)
    Jump_To_Application                      0x20000130   Data           4  common.o(.data)
    JumpAddress                              0x20000134   Data           4  common.o(.data)
    BlockNbr                                 0x20000138   Data           4  common.o(.data)
    UserMemoryMask                           0x2000013c   Data           4  common.o(.data)
    FlashProtection                          0x20000140   Data           4  common.o(.data)
    FlashDestination                         0x20000144   Data           4  ymodem.o(.data)
    PageSize                                 0x20000148   Data           2  ymodem.o(.data)
    EraseCounter                             0x2000014c   Data           4  ymodem.o(.data)
    NbrOfPage                                0x20000150   Data           4  ymodem.o(.data)
    FLASHStatus                              0x20000154   Data           1  ymodem.o(.data)
    RamSource                                0x20000158   Data           4  ymodem.o(.data)
    os_initialized                           0x2000015c   Data           1  rt_cmsis.o(.data)
    os_running                               0x2000015d   Data           1  rt_cmsis.o(.data)
    os_timer_head                            0x20000160   Data           4  rt_cmsis.o(.data)
    os_tsk                                   0x20000164   Data           8  rt_task.o(.data)
    os_tick_irqn                             0x20000170   Data           4  rt_system.o(.data)
    os_time                                  0x20000174   Data           4  rt_time.o(.data)
    dbg_msg                                  0x20000178   Data           1  hal_cm.o(.data)
    os_robin                                 0x2000017c   Data           8  rt_robin.o(.data)
    __stdout                                 0x20000184   Data           4  stdout.o(.data)
    __microlib_freelist                      0x20000188   Data           4  mvars.o(.data)
    __microlib_freelist_initialised          0x2000018c   Data           4  mvars.o(.data)
    VQ                                       0x20000194   Data          28  bsp_sc5080.o(.bss)
    ID_Buffer                                0x200001b0   Data          20  deviceinit.o(.bss)
    protocolstu                              0x200001c4   Data        2508  at_protocol.o(.bss)
    cst                                      0x20000b90   Data          10  at_protocol.o(.bss)
    eventdelay                               0x20000b9c   Data         132  stm32f10x_it.o(.bss)
    UartStu                                  0x20000c20   Data        3096  stm32f10x_it.o(.bss)
    os_timer_cb_EventTimer                   0x20001838   Data          20  task.o(.bss)
    systmtime                                0x2000184c   Data          28  main.o(.bss)
    mp_tcb                                   0x20001868   Data         428  rtx_conf_cm.o(.bss)
    mp_stk                                   0x20001a18   Data         416  rtx_conf_cm.o(.bss)
    os_stack_mem                             0x20001bb8   Data        5472  rtx_conf_cm.o(.bss)
    os_fifo                                  0x20003118   Data         388  rtx_conf_cm.o(.bss)
    os_active_TCB                            0x2000329c   Data          32  rtx_conf_cm.o(.bss)
    os_messageQ_q_osTimerMessageQ            0x200032bc   Data          32  rtx_conf_cm.o(.bss)
    tab_1024                                 0x200032dc   Data        1024  download.o(.bss)
    file_name                                0x200036dc   Data         256  ymodem.o(.bss)
    os_idle_TCB                              0x200037dc   Data          52  rt_task.o(.bss)
    os_rdy                                   0x20003810   Data          24  rt_list.o(.bss)
    os_dly                                   0x20003828   Data          24  rt_list.o(.bss)
    __heap_base                              0x20003840   Data           0  startup_stm32f10x_hd.o(HEAP)
    __heap_limit                             0x20005840   Data           0  startup_stm32f10x_hd.o(HEAP)
    __initial_sp                             0x20005a40   Data           0  startup_stm32f10x_hd.o(STACK)



==============================================================================

Memory Map of the image

  Image Entry point : 0x08000131

  Load Region LR_IROM1 (Base: 0x08000000, Size: 0x0000e8b8, Max: 0x00080000, ABSOLUTE, COMPRESSED[0x0000e7a8])

    Execution Region ER_IROM1 (Base: 0x08000000, Size: 0x0000e724, Max: 0x00080000, ABSOLUTE)

    Base Addr    Size         Type   Attr      Idx    E Section Name        Object

    0x08000000   0x00000130   Data   RO            3    RESET               startup_stm32f10x_hd.o
    0x08000130   0x00000000   Code   RO         2173  * .ARM.Collect$$$$00000000  mc_w.l(entry.o)
    0x08000130   0x00000004   Code   RO         2514    .ARM.Collect$$$$00000001  mc_w.l(entry2.o)
    0x08000134   0x00000004   Code   RO         2517    .ARM.Collect$$$$00000004  mc_w.l(entry5.o)
    0x08000138   0x00000000   Code   RO         2519    .ARM.Collect$$$$00000008  mc_w.l(entry7b.o)
    0x08000138   0x00000000   Code   RO         2521    .ARM.Collect$$$$0000000A  mc_w.l(entry8b.o)
    0x08000138   0x00000000   Code   RO         2522    .ARM.Collect$$$$0000000D  mc_w.l(entry10a.o)
    0x08000138   0x00000000   Code   RO         2524    .ARM.Collect$$$$0000000F  mc_w.l(entry11a.o)
    0x08000138   0x00000018   Code   RO          886    .ARM.Collect$$$$000000FF  rtx_conf_cm.o
    0x08000150   0x00000004   Code   RO         2515    .ARM.Collect$$$$00002712  mc_w.l(entry2.o)
    0x08000154   0x00000130   Code   RO         2146    .emb_text           RTX_CM3.lib(hal_cm3.o)
    0x08000284   0x00000024   Code   RO            4    .text               startup_stm32f10x_hd.o
    0x080002a8   0x000001a8   Code   RO           24    .text               system_stm32f10x.o
    0x08000450   0x000000dc   Code   RO           91    .text               misc.o
    0x0800052c   0x000000c4   Code   RO          119    .text               stm32f10x_bkp.o
    0x080005f0   0x000005bc   Code   RO          233    .text               stm32f10x_flash.o
    0x08000bac   0x0000035c   Code   RO          260    .text               stm32f10x_gpio.o
    0x08000f08   0x000000cc   Code   RO          296    .text               stm32f10x_pwr.o
    0x08000fd4   0x000003a4   Code   RO          308    .text               stm32f10x_rcc.o
    0x08001378   0x00000148   Code   RO          322    .text               stm32f10x_rtc.o
    0x080014c0   0x00000e1a   Code   RO          364    .text               stm32f10x_tim.o
    0x080022da   0x00000002   PAD
    0x080022dc   0x00000408   Code   RO          376    .text               stm32f10x_usart.o
    0x080026e4   0x00000894   Code   RO          403    .text               bsp_led.o
    0x08002f78   0x000001ec   Code   RO          472    .text               bsp_sc5080.o
    0x08003164   0x000002f0   Code   RO          521    .text               bsp_usart.o
    0x08003454   0x000001d8   Code   RO          533    .text               bsp_timbase.o
    0x0800362c   0x00001a8c   Code   RO          554    .text               cjson.o
    0x080050b8   0x000005cc   Code   RO          596    .text               deviceinit.o
    0x08005684   0x00000010   Code   RO          618    .text               bsp_isd1700.o
    0x08005694   0x000001d8   Code   RO          636    .text               bsp_esp8266.o
    0x0800586c   0x00001d80   Code   RO          652    .text               at_protocol.o
    0x080075ec   0x0000025c   Code   RO          700    .text               bsp_ht1624b.o
    0x08007848   0x000001e0   Code   RO          732    .text               bsp_date.o
    0x08007a28   0x000005fc   Code   RO          747    .text               bsp_rtc.o
    0x08008024   0x00000174   Code   RO          769    .text               24cxx.o
    0x08008198   0x0000027c   Code   RO          781    .text               myiic.o
    0x08008414   0x00000128   Code   RO          793    .text               stm32f10x_it.o
    0x0800853c   0x00000928   Code   RO          812    .text               medicineboxoperation.o
    0x08008e64   0x00000cd4   Code   RO          832    .text               task.o
    0x08009b38   0x00000020   Code   RO          867    .text               main.o
    0x08009b58   0x0000001e   Code   RO          887    .text               rtx_conf_cm.o
    0x08009b76   0x00000002   PAD
    0x08009b78   0x000006dc   Code   RO          915    .text               common.o
    0x0800a254   0x00000190   Code   RO          942    .text               download.o
    0x0800a3e4   0x00000750   Code   RO          959    .text               ymodem.o
    0x0800ab34   0x0000000c   Code   RO         2176    .text               mc_w.l(tolower.o)
    0x0800ab40   0x00000024   Code   RO         2178    .text               mc_w.l(memcpya.o)
    0x0800ab64   0x00000024   Code   RO         2180    .text               mc_w.l(memseta.o)
    0x0800ab88   0x00000024   Code   RO         2182    .text               mc_w.l(strstr.o)
    0x0800abac   0x00000014   Code   RO         2184    .text               mc_w.l(strchr.o)
    0x0800abc0   0x0000000e   Code   RO         2186    .text               mc_w.l(strlen.o)
    0x0800abce   0x00000012   Code   RO         2188    .text               mc_w.l(strcpy.o)
    0x0800abe0   0x0000001e   Code   RO         2190    .text               mc_w.l(strncmp.o)
    0x0800abfe   0x0000001a   Code   RO         2483    .text               mc_w.l(atoi.o)
    0x0800ac18   0x0000014e   Code   RO         2485    .text               mf_w.l(dadd.o)
    0x0800ad66   0x000000e4   Code   RO         2487    .text               mf_w.l(dmul.o)
    0x0800ae4a   0x00000022   Code   RO         2489    .text               mf_w.l(dflti.o)
    0x0800ae6c   0x0000003e   Code   RO         2491    .text               mf_w.l(dfixi.o)
    0x0800aeaa   0x00000026   Code   RO         2493    .text               mf_w.l(f2d.o)
    0x0800aed0   0x00000028   Code   RO         2495    .text               mf_w.l(cdcmple.o)
    0x0800aef8   0x00000028   Code   RO         2497    .text               mf_w.l(cdrcmple.o)
    0x0800af20   0x0000002c   Code   RO         2527    .text               mc_w.l(uidiv.o)
    0x0800af4c   0x00000062   Code   RO         2529    .text               mc_w.l(uldiv.o)
    0x0800afae   0x0000001e   Code   RO         2531    .text               mc_w.l(llshl.o)
    0x0800afcc   0x00000020   Code   RO         2533    .text               mc_w.l(llushr.o)
    0x0800afec   0x00000024   Code   RO         2535    .text               mc_w.l(llsshr.o)
    0x0800b010   0x00000070   Code   RO         2546    .text               mc_w.l(strtol.o)
    0x0800b080   0x00000000   Code   RO         2548    .text               mc_w.l(iusefp.o)
    0x0800b080   0x000000b6   Code   RO         2549    .text               mf_w.l(depilogue.o)
    0x0800b136   0x000000de   Code   RO         2551    .text               mf_w.l(ddiv.o)
    0x0800b214   0x0000002e   Code   RO         2553    .text               mf_w.l(dscalb.o)
    0x0800b242   0x00000030   Code   RO         2555    .text               mf_w.l(dfixul.o)
    0x0800b272   0x00000002   PAD
    0x0800b274   0x00000024   Code   RO         2557    .text               mc_w.l(init.o)
    0x0800b298   0x00000008   Code   RO         2559    .text               mc_w.l(ctype_o.o)
    0x0800b2a0   0x0000009e   Code   RO         2587    .text               mc_w.l(_strtoul.o)
    0x0800b33e   0x000000a2   Code   RO         2589    .text               mf_w.l(dsqrt.o)
    0x0800b3e0   0x0000001c   Code   RO         2591    .text               mc_w.l(_chval.o)
    0x0800b3fc   0x00000056   Code   RO         2601    .text               mc_w.l(__dczerorl2.o)
    0x0800b452   0x00000002   PAD
    0x0800b454   0x00000004   Code   RO         2156    SVC_TABLE           RTX_CM3.lib(svc_table.o)
    0x0800b458   0x00000020   Code   RO         2427    i.__0printf         mc_w.l(printfa.o)
    0x0800b478   0x00000028   Code   RO         2429    i.__0sprintf        mc_w.l(printfa.o)
    0x0800b4a0   0x00000028   Code   RO         2501    i.__ARM_fpclassify  m_ws.l(fpclassify.o)
    0x0800b4c8   0x00000008   Code   RO         2539    i.__aeabi_errno_addr  mc_w.l(errno.o)
    0x0800b4d0   0x000000aa   Code   RO         2503    i.__kernel_poly     m_ws.l(poly.o)
    0x0800b57a   0x00000002   PAD
    0x0800b57c   0x00000010   Code   RO         2499    i.__mathlib_dbl_underflow  m_ws.l(dunder.o)
    0x0800b58c   0x0000000e   Code   RO         2595    i.__scatterload_copy  mc_w.l(handlers.o)
    0x0800b59a   0x00000002   Code   RO         2596    i.__scatterload_null  mc_w.l(handlers.o)
    0x0800b59c   0x0000000e   Code   RO         2597    i.__scatterload_zeroinit  mc_w.l(handlers.o)
    0x0800b5aa   0x00000002   PAD
    0x0800b5ac   0x0000000c   Code   RO         2541    i.__set_errno       mc_w.l(errno.o)
    0x0800b5b8   0x00000164   Code   RO         2434    i._fp_digits        mc_w.l(printfa.o)
    0x0800b71c   0x00000046   Code   RO         2024    i._init_box         RTX_CM3.lib(rt_membox.o)
    0x0800b762   0x00000002   PAD
    0x0800b764   0x000006dc   Code   RO         2435    i._printf_core      mc_w.l(printfa.o)
    0x0800be40   0x00000024   Code   RO         2436    i._printf_post_padding  mc_w.l(printfa.o)
    0x0800be64   0x0000002e   Code   RO         2437    i._printf_pre_padding  mc_w.l(printfa.o)
    0x0800be92   0x0000000a   Code   RO         2439    i._sputc            mc_w.l(printfa.o)
    0x0800be9c   0x00000030   Code   RO         2077    i.dbg_init          RTX_CM3.lib(hal_cm.o)
    0x0800becc   0x00000020   Code   RO         2078    i.dbg_task_notify   RTX_CM3.lib(hal_cm.o)
    0x0800beec   0x00000010   Code   RO         2079    i.dbg_task_switch   RTX_CM3.lib(hal_cm.o)
    0x0800befc   0x000000dc   Code   RO         2160    i.floor             m_ws.l(floor.o)
    0x0800bfd8   0x00000050   Code   RO         2455    i.free              mc_w.l(malloc.o)
    0x0800c028   0x0000002c   Code   RO          978    i.isrMessagePut     RTX_CM3.lib(rt_cmsis.o)
    0x0800c054   0x00000050   Code   RO         1870    i.isr_mbx_receive   RTX_CM3.lib(rt_mailbox.o)
    0x0800c0a4   0x0000000e   Code   RO         1871    i.isr_mbx_send      RTX_CM3.lib(rt_mailbox.o)
    0x0800c0b2   0x00000002   PAD
    0x0800c0b4   0x0000006c   Code   RO         2456    i.malloc            mc_w.l(malloc.o)
    0x0800c120   0x00000018   Code   RO          979    i.osDelay           RTX_CM3.lib(rt_cmsis.o)
    0x0800c138   0x00000024   Code   RO          980    i.osKernelInitialize  RTX_CM3.lib(rt_cmsis.o)
    0x0800c15c   0x0000006c   Code   RO          982    i.osKernelStart     RTX_CM3.lib(rt_cmsis.o)
    0x0800c1c8   0x00000018   Code   RO          983    i.osKernelSysTick   RTX_CM3.lib(rt_cmsis.o)
    0x0800c1e0   0x00000044   Code   RO          991    i.osMessageGet      RTX_CM3.lib(rt_cmsis.o)
    0x0800c224   0x00000030   Code   RO         1008    i.osThreadCreate    RTX_CM3.lib(rt_cmsis.o)
    0x0800c254   0x00000018   Code   RO         1009    i.osThreadExit      RTX_CM3.lib(rt_cmsis.o)
    0x0800c26c   0x00000018   Code   RO         1013    i.osThreadTerminate  RTX_CM3.lib(rt_cmsis.o)
    0x0800c284   0x0000000c   Code   RO         1015    i.osTimerCall       RTX_CM3.lib(rt_cmsis.o)
    0x0800c290   0x00000034   Code   RO         1016    i.osTimerCreate     RTX_CM3.lib(rt_cmsis.o)
    0x0800c2c4   0x00000018   Code   RO         1018    i.osTimerStart      RTX_CM3.lib(rt_cmsis.o)
    0x0800c2dc   0x0000002c   Code   RO         1020    i.osTimerThread     RTX_CM3.lib(rt_cmsis.o)
    0x0800c308   0x00000028   Code   RO         1662    i.os_tick_init      RTX_CM3.lib(rt_system.o)
    0x0800c330   0x00000002   Code   RO         1663    i.os_tick_irqack    RTX_CM3.lib(rt_system.o)
    0x0800c332   0x00000002   PAD
    0x0800c334   0x00000010   Code   RO         1664    i.os_tick_ovf       RTX_CM3.lib(rt_system.o)
    0x0800c344   0x00000014   Code   RO         1665    i.os_tick_val       RTX_CM3.lib(rt_system.o)
    0x0800c358   0x000009e0   Code   RO         2164    i.pow               m_ws.l(pow.o)
    0x0800cd38   0x0000001a   Code   RO         2025    i.rt_alloc_box      RTX_CM3.lib(rt_membox.o)
    0x0800cd52   0x0000003c   Code   RO         2053    i.rt_alloc_mem      RTX_CM3.lib(rt_memory.o)
    0x0800cd8e   0x00000002   PAD
    0x0800cd90   0x00000038   Code   RO         1577    i.rt_block          RTX_CM3.lib(rt_task.o)
    0x0800cdc8   0x00000048   Code   RO         2125    i.rt_chk_robin      RTX_CM3.lib(rt_robin.o)
    0x0800ce10   0x00000070   Code   RO         1794    i.rt_dec_dly        RTX_CM3.lib(rt_list.o)
    0x0800ce80   0x00000044   Code   RO         1578    i.rt_dispatch       RTX_CM3.lib(rt_task.o)
    0x0800cec4   0x00000006   Code   RO         1960    i.rt_dly_wait       RTX_CM3.lib(rt_time.o)
    0x0800ceca   0x00000002   PAD
    0x0800cecc   0x00000050   Code   RO         1755    i.rt_evt_psh        RTX_CM3.lib(rt_event.o)
    0x0800cf1c   0x00000020   Code   RO         2026    i.rt_free_box       RTX_CM3.lib(rt_membox.o)
    0x0800cf3c   0x00000028   Code   RO         2054    i.rt_free_mem       RTX_CM3.lib(rt_memory.o)
    0x0800cf64   0x00000028   Code   RO         1795    i.rt_get_first      RTX_CM3.lib(rt_list.o)
    0x0800cf8c   0x00000008   Code   RO         1025    i.rt_id2obj         RTX_CM3.lib(rt_cmsis.o)
    0x0800cf94   0x00000048   Code   RO         1579    i.rt_init_context   RTX_CM3.lib(rt_task.o)
    0x0800cfdc   0x0000001a   Code   RO         2055    i.rt_init_mem       RTX_CM3.lib(rt_memory.o)
    0x0800cff6   0x00000002   PAD
    0x0800cff8   0x00000018   Code   RO         2126    i.rt_init_robin     RTX_CM3.lib(rt_robin.o)
    0x0800d010   0x00000050   Code   RO         2080    i.rt_init_stack     RTX_CM3.lib(hal_cm.o)
    0x0800d060   0x00000008   Code   RO         1872    i.rt_mbx_check      RTX_CM3.lib(rt_mailbox.o)
    0x0800d068   0x0000001c   Code   RO         1873    i.rt_mbx_init       RTX_CM3.lib(rt_mailbox.o)
    0x0800d084   0x000000f0   Code   RO         1874    i.rt_mbx_psh        RTX_CM3.lib(rt_mailbox.o)
    0x0800d174   0x000000b0   Code   RO         1876    i.rt_mbx_wait       RTX_CM3.lib(rt_mailbox.o)
    0x0800d224   0x0000003c   Code   RO         1026    i.rt_ms2tick        RTX_CM3.lib(rt_cmsis.o)
    0x0800d260   0x0000007c   Code   RO         1666    i.rt_pop_req        RTX_CM3.lib(rt_system.o)
    0x0800d2dc   0x00000020   Code   RO         1667    i.rt_psh_req        RTX_CM3.lib(rt_system.o)
    0x0800d2fc   0x00000058   Code   RO         1797    i.rt_psq_enq        RTX_CM3.lib(rt_list.o)
    0x0800d354   0x00000048   Code   RO         1798    i.rt_put_dly        RTX_CM3.lib(rt_list.o)
    0x0800d39c   0x00000036   Code   RO         1799    i.rt_put_prio       RTX_CM3.lib(rt_list.o)
    0x0800d3d2   0x00000002   PAD
    0x0800d3d4   0x00000014   Code   RO         1800    i.rt_put_rdy_first  RTX_CM3.lib(rt_list.o)
    0x0800d3e8   0x00000034   Code   RO         1801    i.rt_resort_prio    RTX_CM3.lib(rt_list.o)
    0x0800d41c   0x00000006   Code   RO         2081    i.rt_ret_val        RTX_CM3.lib(hal_cm.o)
    0x0800d422   0x00000008   Code   RO         2082    i.rt_ret_val2       RTX_CM3.lib(hal_cm.o)
    0x0800d42a   0x00000028   Code   RO         1802    i.rt_rmv_dly        RTX_CM3.lib(rt_list.o)
    0x0800d452   0x00000002   PAD
    0x0800d454   0x00000030   Code   RO         1803    i.rt_rmv_list       RTX_CM3.lib(rt_list.o)
    0x0800d484   0x00000034   Code   RO         1921    i.rt_sem_psh        RTX_CM3.lib(rt_semaphore.o)
    0x0800d4b8   0x00000024   Code   RO         1669    i.rt_stk_check      RTX_CM3.lib(rt_system.o)
    0x0800d4dc   0x00000028   Code   RO         1580    i.rt_switch_req     RTX_CM3.lib(rt_task.o)
    0x0800d504   0x0000010c   Code   RO         1581    i.rt_sys_init       RTX_CM3.lib(rt_task.o)
    0x0800d610   0x00000034   Code   RO         1582    i.rt_sys_start      RTX_CM3.lib(rt_task.o)
    0x0800d644   0x00000040   Code   RO         1671    i.rt_systick        RTX_CM3.lib(rt_system.o)
    0x0800d684   0x00000012   Code   RO         1027    i.rt_tid2ptcb       RTX_CM3.lib(rt_cmsis.o)
    0x0800d696   0x00000002   PAD
    0x0800d698   0x00000038   Code   RO         1028    i.rt_timer_insert   RTX_CM3.lib(rt_cmsis.o)
    0x0800d6d0   0x0000003c   Code   RO         1029    i.rt_timer_remove   RTX_CM3.lib(rt_cmsis.o)
    0x0800d70c   0x00000084   Code   RO         1583    i.rt_tsk_create     RTX_CM3.lib(rt_task.o)
    0x0800d790   0x00000174   Code   RO         1584    i.rt_tsk_delete     RTX_CM3.lib(rt_task.o)
    0x0800d904   0x0000007c   Code   RO         1586    i.rt_tsk_prio       RTX_CM3.lib(rt_task.o)
    0x0800d980   0x00000010   Code   RO         1587    i.rt_tsk_self       RTX_CM3.lib(rt_task.o)
    0x0800d990   0x0000004c   Code   RO         2507    i.sqrt              m_ws.l(sqrt.o)
    0x0800d9dc   0x00000014   Code   RO         1030    i.svcDelay          RTX_CM3.lib(rt_cmsis.o)
    0x0800d9f0   0x00000070   Code   RO         1031    i.svcKernelInitialize  RTX_CM3.lib(rt_cmsis.o)
    0x0800da60   0x00000048   Code   RO         1033    i.svcKernelStart    RTX_CM3.lib(rt_cmsis.o)
    0x0800daa8   0x00000038   Code   RO         1034    i.svcKernelSysTick  RTX_CM3.lib(rt_cmsis.o)
    0x0800dae0   0x00000024   Code   RO         1036    i.svcMessageCreate  RTX_CM3.lib(rt_cmsis.o)
    0x0800db04   0x0000003a   Code   RO         1037    i.svcMessageGet     RTX_CM3.lib(rt_cmsis.o)
    0x0800db3e   0x00000002   PAD
    0x0800db40   0x00000070   Code   RO         1051    i.svcThreadCreate   RTX_CM3.lib(rt_cmsis.o)
    0x0800dbb0   0x0000001c   Code   RO         1052    i.svcThreadGetId    RTX_CM3.lib(rt_cmsis.o)
    0x0800dbcc   0x00000038   Code   RO         1055    i.svcThreadTerminate  RTX_CM3.lib(rt_cmsis.o)
    0x0800dc04   0x00000018   Code   RO         1057    i.svcTimerCall      RTX_CM3.lib(rt_cmsis.o)
    0x0800dc1c   0x00000038   Code   RO         1058    i.svcTimerCreate    RTX_CM3.lib(rt_cmsis.o)
    0x0800dc54   0x00000048   Code   RO         1060    i.svcTimerStart     RTX_CM3.lib(rt_cmsis.o)
    0x0800dc9c   0x00000054   Code   RO         1066    i.sysTimerTick      RTX_CM3.lib(rt_cmsis.o)
    0x0800dcf0   0x00000380   Data   RO          404    .constdata          bsp_led.o
    0x0800e070   0x00000007   Data   RO          555    .constdata          cjson.o
    0x0800e077   0x0000000b   Data   RO          701    .constdata          bsp_ht1624b.o
    0x0800e082   0x00000002   PAD
    0x0800e084   0x00000030   Data   RO          733    .constdata          bsp_date.o
    0x0800e0b4   0x00000008   Data   RO          813    .constdata          medicineboxoperation.o
    0x0800e0bc   0x00000048   Data   RO          834    .constdata          task.o
    0x0800e104   0x00000010   Data   RO          869    .constdata          main.o
    0x0800e114   0x00000056   Data   RO          889    .constdata          rtx_conf_cm.o
    0x0800e16a   0x00000006   PAD
    0x0800e170   0x00000088   Data   RO         2165    .constdata          m_ws.l(pow.o)
    0x0800e1f8   0x00000008   Data   RO         2505    .constdata          m_ws.l(qnan.o)
    0x0800e200   0x00000081   Data   RO         2560    .constdata          mc_w.l(ctype_o.o)
    0x0800e281   0x00000003   PAD
    0x0800e284   0x00000004   Data   RO         2561    .constdata          mc_w.l(ctype_o.o)
    0x0800e288   0x000001b2   Data   RO          655    .conststring        at_protocol.o
    0x0800e43a   0x00000002   PAD
    0x0800e43c   0x0000004b   Data   RO          748    .conststring        bsp_rtc.o
    0x0800e487   0x00000001   PAD
    0x0800e488   0x00000226   Data   RO          916    .conststring        common.o
    0x0800e6ae   0x00000002   PAD
    0x0800e6b0   0x00000053   Data   RO          944    .conststring        download.o
    0x0800e703   0x00000001   PAD
    0x0800e704   0x00000020   Data   RO         2593    Region$$Table       anon$$obj.o


    Execution Region RW_IRAM1 (Base: 0x20000000, Size: 0x00005a40, Max: 0x00010000, ABSOLUTE, COMPRESSED[0x00000084])

    Base Addr    Size         Type   Attr      Idx    E Section Name        Object

    0x20000000   0x00000014   Data   RW           25    .data               system_stm32f10x.o
    0x20000014   0x00000014   Data   RW          309    .data               stm32f10x_rcc.o
    0x20000028   0x00000001   Data   RW          405    .data               bsp_led.o
    0x20000029   0x00000003   PAD
    0x2000002c   0x00000005   Data   RW          474    .data               bsp_sc5080.o
    0x20000031   0x00000003   PAD
    0x20000034   0x00000004   Data   RW          534    .data               bsp_timbase.o
    0x20000038   0x0000000c   Data   RW          556    .data               cjson.o
    0x20000044   0x00000001   Data   RW          598    .data               deviceinit.o
    0x20000045   0x00000001   Data   RW          619    .data               bsp_isd1700.o
    0x20000046   0x00000002   PAD
    0x20000048   0x00000010   Data   RW          656    .data               at_protocol.o
    0x20000058   0x00000030   Data   RW          734    .data               bsp_date.o
    0x20000088   0x00000054   Data   RW          749    .data               bsp_rtc.o
    0x200000dc   0x00000014   Data   RW          814    .data               medicineboxoperation.o
    0x200000f0   0x00000020   Data   RW          835    .data               task.o
    0x20000110   0x00000020   Data   RW          890    .data               rtx_conf_cm.o
    0x20000130   0x00000014   Data   RW          917    .data               common.o
    0x20000144   0x00000018   Data   RW          961    .data               ymodem.o
    0x2000015c   0x00000008   Data   RW         1069    .data               RTX_CM3.lib(rt_cmsis.o)
    0x20000164   0x00000008   Data   RW         1589    .data               RTX_CM3.lib(rt_task.o)
    0x2000016c   0x00000008   Data   RW         1674    .data               RTX_CM3.lib(rt_system.o)
    0x20000174   0x00000004   Data   RW         1964    .data               RTX_CM3.lib(rt_time.o)
    0x20000178   0x00000001   Data   RW         2083    .data               RTX_CM3.lib(hal_cm.o)
    0x20000179   0x00000003   PAD
    0x2000017c   0x00000008   Data   RW         2127    .data               RTX_CM3.lib(rt_robin.o)
    0x20000184   0x00000004   Data   RW         2526    .data               mc_w.l(stdout.o)
    0x20000188   0x00000004   Data   RW         2537    .data               mc_w.l(mvars.o)
    0x2000018c   0x00000004   Data   RW         2538    .data               mc_w.l(mvars.o)
    0x20000190   0x00000004   Data   RW         2542    .data               mc_w.l(errno.o)
    0x20000194   0x0000001c   Zero   RW          473    .bss                bsp_sc5080.o
    0x200001b0   0x00000014   Zero   RW          597    .bss                deviceinit.o
    0x200001c4   0x000009d6   Zero   RW          653    .bss                at_protocol.o
    0x20000b9a   0x00000002   PAD
    0x20000b9c   0x00000c9c   Zero   RW          794    .bss                stm32f10x_it.o
    0x20001838   0x00000014   Zero   RW          833    .bss                task.o
    0x2000184c   0x0000001c   Zero   RW          868    .bss                main.o
    0x20001868   0x00001a74   Zero   RW          888    .bss                rtx_conf_cm.o
    0x200032dc   0x00000400   Zero   RW          943    .bss                download.o
    0x200036dc   0x00000100   Zero   RW          960    .bss                ymodem.o
    0x200037dc   0x00000034   Zero   RW         1588    .bss                RTX_CM3.lib(rt_task.o)
    0x20003810   0x00000030   Zero   RW         1804    .bss                RTX_CM3.lib(rt_list.o)
    0x20003840   0x00002000   Zero   RW            2    HEAP                startup_stm32f10x_hd.o
    0x20005840   0x00000200   Zero   RW            1    STACK               startup_stm32f10x_hd.o


==============================================================================

Image component sizes


      Code (inc. data)   RO Data    RW Data    ZI Data      Debug   Object Name

       372          0          0          0          0       2718   24cxx.o
      7552       1940        434         16       2518      16703   at_protocol.o
       480         16         48         48          0       2017   bsp_date.o
       472         28          0          0          0       2016   bsp_esp8266.o
       604         12         11          0          0       3092   bsp_ht1624b.o
        16          0          0          1          0       1765   bsp_isd1700.o
      2196         72        896          1          0       7733   bsp_led.o
      1532        758         75         84          0       3389   bsp_rtc.o
       492         46          0          5         28       1989   bsp_sc5080.o
       472         20          0          4          0       6834   bsp_timbase.o
       752         26          0          0          0       2377   bsp_usart.o
      6796        210          7         12          0      23800   cjson.o
      1756        502        550         20          0      21592   common.o
         0          0          0          0          0       4272   core_cm3.o
      1484        250          0          1         20       3568   deviceinit.o
       400        280         83          0       1024       1360   download.o
        32          6         16          0         28       1253   main.o
      2344        108          8         20          0       4792   medicineboxoperation.o
       220         22          0          0          0       1909   misc.o
       636          4          0          0          0       1904   myiic.o
        54          6         86         32       6772       7478   rtx_conf_cm.o
        36          8        304          0       8704        912   startup_stm32f10x_hd.o
       196          8          0          0          0       3572   stm32f10x_bkp.o
      1468         34          0          0          0       8138   stm32f10x_flash.o
       860         38          0          0          0       5749   stm32f10x_gpio.o
       296         18          0          0       3228       2853   stm32f10x_it.o
       204         14          0          0          0       1967   stm32f10x_pwr.o
       932         36          0         20          0       8968   stm32f10x_rcc.o
       328          4          0          0          0       2722   stm32f10x_rtc.o
      3610         88          0          0          0      22236   stm32f10x_tim.o
      1032         22          0          0          0       8480   stm32f10x_usart.o
       424         36          0         20          0     257083   system_stm32f10x.o
      3284        706         72         32         20      21215   task.o
      1872         32          0         24        256       7036   ymodem.o

    ----------------------------------------------------------------------
     43208       5350       2636        348      22600     473492   Object Totals
         0          0         32          0          0          0   (incl. Generated)
         4          0         14          8          2          0   (incl. Padding)

    ----------------------------------------------------------------------

      Code (inc. data)   RO Data    RW Data    ZI Data      Debug   Library Member Name

       190         24          0          1          0       2480   hal_cm.o
       304         36          0          0          0        692   hal_cm3.o
      1520        192          0          8          0      31572   rt_cmsis.o
        80          4          0          0          0        505   rt_event.o
       526         36          0          0         48       6637   rt_list.o
       546         10          0          0          0       2997   rt_mailbox.o
       128          0          0          0          0       1477   rt_membox.o
       126          0          0          0          0       1791   rt_memory.o
        96         22          0          8          0        954   rt_robin.o
        52          4          0          0          0        449   rt_semaphore.o
       334         66          0          8          0       6111   rt_system.o
      1200        174          0          8         52       7929   rt_task.o
         6          0          0          4          0        500   rt_time.o
         4          4          0          0          0        132   svc_table.o
        16          6          0          0          0         68   dunder.o
       220         16          0          0          0         84   floor.o
        40          0          0          0          0         68   fpclassify.o
       170          0          0          0          0         96   poly.o
      2528        190        136          0          0        332   pow.o
         0          0          8          0          0          0   qnan.o
        76          0          0          0          0         84   sqrt.o
        86          0          0          0          0          0   __dczerorl2.o
        28          0          0          0          0         68   _chval.o
       158          0          0          0          0         92   _strtoul.o
        26          0          0          0          0         80   atoi.o
         8          4        133          0          0         68   ctype_o.o
         0          0          0          0          0          0   entry.o
         0          0          0          0          0          0   entry10a.o
         0          0          0          0          0          0   entry11a.o
         8          4          0          0          0          0   entry2.o
         4          0          0          0          0          0   entry5.o
         0          0          0          0          0          0   entry7b.o
         0          0          0          0          0          0   entry8b.o
        20         10          0          4          0        136   errno.o
        30          0          0          0          0          0   handlers.o
        36          8          0          0          0         68   init.o
         0          0          0          0          0          0   iusefp.o
        30          0          0          0          0         68   llshl.o
        36          0          0          0          0         68   llsshr.o
        32          0          0          0          0         68   llushr.o
       188         20          0          0          0        160   malloc.o
        36          0          0          0          0         68   memcpya.o
        36          0          0          0          0        108   memseta.o
         0          0          0          8          0          0   mvars.o
      2276         96          0          0          0        596   printfa.o
         0          0          0          4          0          0   stdout.o
        20          0          0          0          0         68   strchr.o
        18          0          0          0          0         68   strcpy.o
        14          0          0          0          0         68   strlen.o
        30          0          0          0          0         80   strncmp.o
        36          0          0          0          0         80   strstr.o
       112          0          0          0          0         88   strtol.o
        12          0          0          0          0         68   tolower.o
        44          0          0          0          0         80   uidiv.o
        98          0          0          0          0         92   uldiv.o
        40          2          0          0          0         68   cdcmple.o
        40          2          0          0          0         68   cdrcmple.o
       334          0          0          0          0        148   dadd.o
       222          0          0          0          0        100   ddiv.o
       182          0          0          0          0        176   depilogue.o
        62          0          0          0          0         80   dfixi.o
        48          0          0          0          0         68   dfixul.o
        34          0          0          0          0         76   dflti.o
       228          0          0          0          0         96   dmul.o
        46          0          0          0          0         80   dscalb.o
       162          0          0          0          0        100   dsqrt.o
        38          0          0          0          0         68   f2d.o

    ----------------------------------------------------------------------
     13048        930        280         56        100      68426   Library Totals
        28          0          3          3          0          0   (incl. Padding)

    ----------------------------------------------------------------------

      Code (inc. data)   RO Data    RW Data    ZI Data      Debug   Library Name

      5112        572          0         37        100      64226   RTX_CM3.lib
      3050        212        144          0          0        732   m_ws.l
      3422        142        133         16          0       2340   mc_w.l
      1436          4          0          0          0       1128   mf_w.l

    ----------------------------------------------------------------------
     13048        930        280         56        100      68426   Library Totals

    ----------------------------------------------------------------------

==============================================================================


      Code (inc. data)   RO Data    RW Data    ZI Data      Debug   

     56256       6280       2916        404      22700     532530   Grand Totals
     56256       6280       2916        132      22700     532530   ELF Image Totals (compressed)
     56256       6280       2916        132          0          0   ROM Totals

==============================================================================

    Total RO  Size (Code + RO Data)                59172 (  57.79kB)
    Total RW  Size (RW Data + ZI Data)             23104 (  22.56kB)
    Total ROM Size (Code + RO Data + RW Data)      59304 (  57.91kB)

==============================================================================

